MPLINK 5.00, LINKER
Linker Map File - Created Wed Jun 28 13:54:43 2023

                                 Section Info
                  Section       Type    Address   Location Size(Bytes)
                ---------  ---------  ---------  ---------  ---------
               _entry_scn       code   0x000000    program   0x000006
           .code___init.o       code   0x000006    program   0x000002
              high_vector       code   0x000008    program   0x00001e
                   .cinit    romdata   0x000026    program   0x000026
            .code_tasks.o       code   0x00004c    program   0x001a44
           .code_ds2482.o       code   0x001a90    program   0x0016b0
             .code_port.o       code   0x003140    program   0x000a82
             .code_list.o       code   0x003bc2    program   0x000534
             .code_main.o       code   0x0040f6    program   0x000462
      .code_MainProcess.o       code   0x004558    program   0x0003ea
            .code_input.o       code   0x004942    program   0x0002b2
             .code_temp.o       code   0x004bf4    program   0x0002a4
       .code_I2cProcess.o       code   0x004e98    program   0x000238
              .code_led.o       code   0x0050d0    program   0x0001e0
           .code_heap_1.o       code   0x0052b0    program   0x00011e
            .code_timer.o       code   0x0053ce    program   0x0000ec
               _cinit_scn       code   0x0054ba    program   0x00009e
         .code_i2c1writ.o       code   0x005558    program   0x000080
         .code_i2c1gets.o       code   0x0055d8    program   0x000076
      .code_Remotepower.o       code   0x00564e    program   0x000076
           .code_u1open.o       code   0x0056c4    program   0x000072
             .code_user.o       code   0x005736    program   0x000070
                     PROG       code   0x0057a6    program   0x00004c
           .code_t1open.o       code   0x0057f2    program   0x000046
         .code_i2c1open.o       code   0x005838    program   0x000032
          .code_u1write.o       code   0x00586a    program   0x00002e
         .code_fxd1616u.o       code   0x005898    program   0x00002c
           .code_u1baud.o       code   0x0058c4    program   0x000022
              D1KTCYXCODE       code   0x0058e6    program   0x000020
                    .code       code   0x005906    program   0x000020
             _startup_scn       code   0x005926    program   0x00001c
         .code_i2c1read.o       code   0x005942    program   0x00001a
             .stringtable    romdata   0x00595c    program   0x000017
        .idata_u1baud.o_i    romdata   0x005973    program   0x000000
        .romdata___init.o    romdata   0x005973    program   0x000000
         .romdata_input.o    romdata   0x005973    program   0x000000
      .romdata_i2c1gets.o    romdata   0x005973    program   0x000000
        .romdata_ds2482.o    romdata   0x005973    program   0x000000
      .romdata_i2c1writ.o    romdata   0x005973    program   0x000000
        .romdata_u1defs.o    romdata   0x005973    program   0x000000
        .romdata_u1baud.o    romdata   0x005973    program   0x000000
      .romdata_fxd1616u.o    romdata   0x005973    program   0x000000
       .romdata_u1write.o    romdata   0x005973    program   0x000000
       .idata_u1write.o_i    romdata   0x005973    program   0x000000
        .idata_u1open.o_i    romdata   0x005973    program   0x000000
        .romdata_u1open.o    romdata   0x005973    program   0x000000
        .idata_u1defs.o_i    romdata   0x005973    program   0x000000
      .romdata_i2c1open.o    romdata   0x005973    program   0x000000
        .romdata_t1open.o    romdata   0x005973    program   0x000000
      .romdata_i2c1read.o    romdata   0x005973    program   0x000000
         .romdata_tasks.o    romdata   0x005973    program   0x000000
          .romdata_main.o    romdata   0x005973    program   0x000000
         .idata_tasks.o_i    romdata   0x005973    program   0x000011
          .romdata_list.o    romdata   0x005973    program   0x000000
          .romdata_port.o    romdata   0x005973    program   0x000000
        .romdata_heap_1.o    romdata   0x005973    program   0x000000
    .romdata_I2cProcess.o    romdata   0x005973    program   0x000000
          .idata_user.o_i    romdata   0x005973    program   0x000000
          .romdata_user.o    romdata   0x005973    program   0x000000
   .romdata_Remotepower.o    romdata   0x005973    program   0x000000
          .romdata_temp.o    romdata   0x005973    program   0x000000
          .idata_temp.o_i    romdata   0x005973    program   0x000000
           .romdata_led.o    romdata   0x005973    program   0x000000
   .romdata_MainProcess.o    romdata   0x005973    program   0x000000
         .idata_timer.o_i    romdata   0x005973    program   0x000000
         .romdata_timer.o    romdata   0x005973    program   0x000000
         .romdata_c018i.o    romdata   0x005973    program   0x000000
          .idata_port.o_i    romdata   0x005984    program   0x000000
        .idata_t1open.o_i    romdata   0x005984    program   0x000000
          .idata_main.o_i    romdata   0x005984    program   0x000018
        .idata_heap_1.o_i    romdata   0x00599c    program   0x000004
      .idata_i2c1open.o_i    romdata   0x00599c    program   0x000000
           .idata_led.o_i    romdata   0x00599c    program   0x000000
          .idata_list.o_i    romdata   0x00599c    program   0x000000
      .idata_i2c1read.o_i    romdata   0x00599c    program   0x000000
      .idata_i2c1gets.o_i    romdata   0x00599c    program   0x000000
         .idata_input.o_i    romdata   0x00599c    program   0x000000
      .idata_i2c1writ.o_i    romdata   0x00599c    program   0x000000
         .idata_c018i.o_i    romdata   0x0059a0    program   0x000000
        .idata___init.o_i    romdata   0x0059a0    program   0x000000
            .code_c018i.o       code   0x0059a0    program   0x000000
           .code_u1defs.o       code   0x0059a0    program   0x000000
    .idata_I2cProcess.o_i    romdata   0x0059a0    program   0x000000
   .idata_Remotepower.o_i    romdata   0x0059a0    program   0x000000
      .idata_fxd1616u.o_i    romdata   0x0059a0    program   0x000000
   .idata_MainProcess.o_i    romdata   0x0059a0    program   0x000000
        .idata_ds2482.o_i    romdata   0x0059a0    program   0x000000
      .config_7ff8_main.o    romdata   0x007ff8    program   0x000001
      .config_7ff9_main.o    romdata   0x007ff9    program   0x000001
      .config_7ffa_main.o    romdata   0x007ffa    program   0x000001
      .config_7ffb_main.o    romdata   0x007ffb    program   0x000001
      .config_7ffc_main.o    romdata   0x007ffc    program   0x000001
      .config_7ffd_main.o    romdata   0x007ffd    program   0x000001
      .config_7ffe_main.o    romdata   0x007ffe    program   0x000001
      .config_7fff_main.o    romdata   0x007fff    program   0x000001
                MATH_DATA      udata   0x000000       data   0x000010
                 .tmpdata      udata   0x000010       data   0x000008
                DELAYDAT1      udata   0x000018       data   0x000001
          .udata_heap_1.o      udata   0x000060       data   0x000800
           .udata_tasks.o      udata   0x000860       data   0x00004c
          .udata_ds2482.o      udata   0x0008ac       data   0x00001c
            .idata_main.o      idata   0x0008c8       data   0x000018
           .idata_tasks.o      idata   0x0008e0       data   0x000011
            .udata_main.o      udata   0x0008f1       data   0x00000e
          .udata_u1defs.o      udata   0x0008ff       data   0x000001
                   .stack      udata   0x000d00       data   0x000100
           .udata_c018i.o      udata   0x000e00       data   0x00000a
           .udata_timer.o      udata   0x000e0a       data   0x000008
          .idata_heap_1.o      idata   0x000e12       data   0x000004
        .idata_i2c1gets.o      idata   0x000e16       data   0x000000
        .udata_fxd1616u.o      udata   0x000e16       data   0x000000
        .idata_fxd1616u.o      idata   0x000e16       data   0x000000
          .udata_u1open.o      udata   0x000e16       data   0x000000
          .idata_u1open.o      idata   0x000e16       data   0x000000
        .udata_i2c1open.o      udata   0x000e16       data   0x000000
        .idata_i2c1open.o      idata   0x000e16       data   0x000000
          .udata_t1open.o      udata   0x000e16       data   0x000000
          .idata_t1open.o      idata   0x000e16       data   0x000000
        .udata_i2c1read.o      udata   0x000e16       data   0x000000
        .idata_i2c1read.o      idata   0x000e16       data   0x000000
         .udata_u1write.o      udata   0x000e16       data   0x000000
         .idata_u1write.o      idata   0x000e16       data   0x000000
           .idata_c018i.o      idata   0x000e16       data   0x000000
          .idata_u1defs.o      idata   0x000e16       data   0x000000
        .udata_i2c1gets.o      udata   0x000e16       data   0x000000
        .udata_i2c1writ.o      udata   0x000e16       data   0x000000
        .idata_i2c1writ.o      idata   0x000e16       data   0x000000
          .udata___init.o      udata   0x000e16       data   0x000000
          .idata___init.o      idata   0x000e16       data   0x000000
          .udata_u1baud.o      udata   0x000e16       data   0x000000
          .idata_u1baud.o      idata   0x000e16       data   0x000000
            .idata_list.o      idata   0x000e16       data   0x000000
            .udata_list.o      udata   0x000e16       data   0x000000
            .idata_port.o      idata   0x000e16       data   0x000000
      .udata_I2cProcess.o      udata   0x000e16       data   0x000000
      .idata_I2cProcess.o      idata   0x000e16       data   0x000000
            .udata_user.o      udata   0x000e16       data   0x000000
            .idata_user.o      idata   0x000e16       data   0x000000
     .udata_Remotepower.o      udata   0x000e16       data   0x000000
     .idata_Remotepower.o      idata   0x000e16       data   0x000000
           .idata_timer.o      idata   0x000e16       data   0x000000
     .udata_MainProcess.o      udata   0x000e16       data   0x000000
     .idata_MainProcess.o      idata   0x000e16       data   0x000000
             .udata_led.o      udata   0x000e16       data   0x000000
             .idata_led.o      idata   0x000e16       data   0x000000
            .udata_temp.o      udata   0x000e16       data   0x000000
            .idata_temp.o      idata   0x000e16       data   0x000000
           .udata_input.o      udata   0x000e16       data   0x000000
           .idata_input.o      idata   0x000e16       data   0x000000
            .udata_port.o      udata   0x000e16       data   0x000000
          .idata_ds2482.o      idata   0x000e16       data   0x000000
              SFR_BANKED0      udata   0x000ec6       data   0x00000e
              SFR_BANKED1      udata   0x000ed7       data   0x000008
              SFR_BANKED2      udata   0x000ee7       data   0x000004
              SFR_BANKED3      udata   0x000eec       data   0x000003
              SFR_BANKED4      udata   0x000ef2       data   0x000002
              SFR_BANKED5      udata   0x000ef6       data   0x000002
              SFR_BANKED6      udata   0x000efb       data   0x000005
              SFR_BANKED7      udata   0x000f26       data   0x000014
              SFR_BANKED8      udata   0x000f3c       data   0x000007
              SFR_BANKED9      udata   0x000f48       data   0x000008
             SFR_BANKED10      udata   0x000f52       data   0x00000e
            SFR_UNBANKED0      udata   0x000f60       data   0x0000a0



                              Program Memory Usage 
                               Start         End      
                           ---------   ---------      
                            0x000000    0x00599f      
                            0x007ff8    0x007fff      
            22952 out of 32770 program addresses used, program memory utilization is 70%



                              Symbols - Sorted by Name
                     Name    Address   Location    Storage File                     
                ---------  ---------  ---------  --------- ---------                
                ChkLiquid   0x004942    program     extern C:\Users\student\MPLABXProjects\Electric_pot_A\Source\input.c
            ChkPushButton   0x00494c    program     extern C:\Users\student\MPLABXProjects\Electric_pot_A\Source\input.c
                   D1616S   0x0057c8    program     static E:\3.46\pic18-lt\cxx-framework\src\traditional\math\fxd1616s.asm
                D1616SNEG   0x0057d6    program     static E:\3.46\pic18-lt\cxx-framework\src\traditional\math\fxd1616s.asm
                 D1616SOK   0x0057d2    program     static E:\3.46\pic18-lt\cxx-framework\src\traditional\math\fxd1616s.asm
                  D1616SX   0x0057e8    program     static E:\3.46\pic18-lt\cxx-framework\src\traditional\math\fxd1616s.asm
                    D1K_1   0x0058f2    program     static E:\3.46\pic18-lt\cxx-framework\src\traditional\delays\d1ktcyx.asm
                     D1Kx   0x0058f0    program     static E:\3.46\pic18-lt\cxx-framework\src\traditional\delays\d1ktcyx.asm
                  DA1616S   0x0057b8    program     static E:\3.46\pic18-lt\cxx-framework\src\traditional\math\fxd1616s.asm
          DS2482_ReadData   0x001b96    program     extern C:\Users\student\MPLABXProjects\Electric_pot_A\Source\ds2482.c
      DS2482_StartConvert   0x001af2    program     extern C:\Users\student\MPLABXProjects\Electric_pot_A\Source\ds2482.c
            DS2482_detect   0x001cb8    program     extern C:\Users\student\MPLABXProjects\Electric_pot_A\Source\ds2482.c
             DS2482_reset   0x001d5c    program     extern C:\Users\student\MPLABXProjects\Electric_pot_A\Source\ds2482.c
    DS2482_search_triplet   0x002c3e    program     extern C:\Users\student\MPLABXProjects\Electric_pot_A\Source\ds2482.c
      DS2482_write_config   0x001e66    program     extern C:\Users\student\MPLABXProjects\Electric_pot_A\Source\ds2482.c
              Delay1KTCYx   0x0058e6    program     extern E:\3.46\pic18-lt\cxx-framework\src\traditional\delays\d1ktcyx.asm
                 FXD1616S   0x0057a6    program     extern E:\3.46\pic18-lt\cxx-framework\src\traditional\math\fxd1616s.asm
                 FXD1616U   0x005898    program     extern E:\3.46\pic18-lt\cxx-framework\src\traditional\math\fxd1616u.c
                I2C_Ack_p   0x0050c6    program     extern C:\Users\student\MPLABXProjects\Electric_pot_A\Source\I2cProcess.c
               I2C_Idle_p   0x005022    program     extern C:\Users\student\MPLABXProjects\Electric_pot_A\Source\I2cProcess.c
             I2C_NotAck_p   0x0050bc    program     extern C:\Users\student\MPLABXProjects\Electric_pot_A\Source\I2cProcess.c
               I2C_gets_p   0x005082    program     extern C:\Users\student\MPLABXProjects\Electric_pot_A\Source\I2cProcess.c
                 I2C_read   0x004f52    program     extern C:\Users\student\MPLABXProjects\Electric_pot_A\Source\I2cProcess.c
               I2C_read_p   0x00507a    program     extern C:\Users\student\MPLABXProjects\Electric_pot_A\Source\I2cProcess.c
               I2C_read_r   0x004fc6    program     extern C:\Users\student\MPLABXProjects\Electric_pot_A\Source\I2cProcess.c
            I2C_rep_start   0x004ed4    program     extern C:\Users\student\MPLABXProjects\Electric_pot_A\Source\I2cProcess.c
          I2C_rep_start_p   0x005048    program     extern C:\Users\student\MPLABXProjects\Electric_pot_A\Source\I2cProcess.c
                I2C_start   0x004eb6    program     extern C:\Users\student\MPLABXProjects\Electric_pot_A\Source\I2cProcess.c
              I2C_start_p   0x005040    program     extern C:\Users\student\MPLABXProjects\Electric_pot_A\Source\I2cProcess.c
                 I2C_stop   0x004e98    program     extern C:\Users\student\MPLABXProjects\Electric_pot_A\Source\I2cProcess.c
               I2C_stop_p   0x005038    program     extern C:\Users\student\MPLABXProjects\Electric_pot_A\Source\I2cProcess.c
                I2C_write   0x004ef4    program     extern C:\Users\student\MPLABXProjects\Electric_pot_A\Source\I2cProcess.c
              I2C_write_p   0x005050    program     extern C:\Users\student\MPLABXProjects\Electric_pot_A\Source\I2cProcess.c
              IniSetI2C_p   0x00500e    program     extern C:\Users\student\MPLABXProjects\Electric_pot_A\Source\I2cProcess.c
                  InitApp   0x005736    program     extern C:\Users\student\MPLABXProjects\Electric_pot_A\Source\user.c
                   IsBoil   0x004bf4    program     extern C:\Users\student\MPLABXProjects\Electric_pot_A\Source\temp.c
                IsTEMPGoE   0x004d72    program     extern C:\Users\student\MPLABXProjects\Electric_pot_A\Source\temp.c
                IsTEMPLoE   0x004c4c    program     extern C:\Users\student\MPLABXProjects\Electric_pot_A\Source\temp.c
     Main_BoilModeProcess   0x0045c6    program     extern C:\Users\student\MPLABXProjects\Electric_pot_A\Source\MainProcess.c
  Main_SettingModeProcess   0x004558    program     extern C:\Users\student\MPLABXProjects\Electric_pot_A\Source\MainProcess.c
     Main_WarmModeProcess   0x0047ac    program     extern C:\Users\student\MPLABXProjects\Electric_pot_A\Source\MainProcess.c
                 OWAccess   0x003014    program     extern C:\Users\student\MPLABXProjects\Electric_pot_A\Source\ds2482.c
                  OWBlock   0x002b0a    program     extern C:\Users\student\MPLABXProjects\Electric_pot_A\Source\ds2482.c
        OWFamilySkipSetup   0x002c1e    program     extern C:\Users\student\MPLABXProjects\Electric_pot_A\Source\ds2482.c
                  OWFirst   0x001fae    program     extern C:\Users\student\MPLABXProjects\Electric_pot_A\Source\ds2482.c
                  OWLevel   0x002e72    program     extern C:\Users\student\MPLABXProjects\Electric_pot_A\Source\ds2482.c
                   OWNext   0x002320    program     extern C:\Users\student\MPLABXProjects\Electric_pot_A\Source\ds2482.c
                OWReadBit   0x0024d6    program     extern C:\Users\student\MPLABXProjects\Electric_pot_A\Source\ds2482.c
           OWReadBitPower   0x002f6c    program     extern C:\Users\student\MPLABXProjects\Electric_pot_A\Source\ds2482.c
               OWReadByte   0x00293e    program     extern C:\Users\student\MPLABXProjects\Electric_pot_A\Source\ds2482.c
                  OWReset   0x002326    program     extern C:\Users\student\MPLABXProjects\Electric_pot_A\Source\ds2482.c
                 OWSearch   0x001fc6    program     extern C:\Users\student\MPLABXProjects\Electric_pot_A\Source\ds2482.c
                  OWSpeed   0x002de4    program     extern C:\Users\student\MPLABXProjects\Electric_pot_A\Source\ds2482.c
            OWTargetSetup   0x002ba6    program     extern C:\Users\student\MPLABXProjects\Electric_pot_A\Source\ds2482.c
               OWTouchBit   0x0024e2    program     extern C:\Users\student\MPLABXProjects\Electric_pot_A\Source\ds2482.c
              OWTouchByte   0x002ad0    program     extern C:\Users\student\MPLABXProjects\Electric_pot_A\Source\ds2482.c
               OWWriteBit   0x0024b0    program     extern C:\Users\student\MPLABXProjects\Electric_pot_A\Source\ds2482.c
              OWWriteByte   0x00260c    program     extern C:\Users\student\MPLABXProjects\Electric_pot_A\Source\ds2482.c
         OWWriteBytePower   0x002eea    program     extern C:\Users\student\MPLABXProjects\Electric_pot_A\Source\ds2482.c
               Open1USART   0x0056c4    program     extern E:\3.46\pic18-lt\cxx-framework\src\pmc_common\USART\u1open.c
                 OpenI2C1   0x005838    program     extern E:\3.46\pic18-lt\cxx-framework\src\pmc_common\i2c\i2c1open.c
               OpenTimer1   0x0057f2    program     extern E:\3.46\pic18-lt\cxx-framework\src\pmc_common\Timers\t1open.c
                     Read   0x002794    program     extern C:\Users\student\MPLABXProjects\Electric_pot_A\Source\ds2482.c
                 ReadI2C1   0x005942    program     extern E:\3.46\pic18-lt\cxx-framework\src\pmc_common\i2c\i2c1read.c
                    Set5V   0x00579c    program     extern C:\Users\student\MPLABXProjects\Electric_pot_A\Source\user.c
            SetComparator   0x005782    program     extern C:\Users\student\MPLABXProjects\Electric_pot_A\Source\user.c
                   SetI2C   0x0057a0    program     extern C:\Users\student\MPLABXProjects\Electric_pot_A\Source\user.c
                  SetUART   0x005760    program     extern C:\Users\student\MPLABXProjects\Electric_pot_A\Source\user.c
              TimerChkMin   0x005402    program     extern C:\Users\student\MPLABXProjects\Electric_pot_A\Source\timer.c
               TimerClear   0x0053da    program     extern C:\Users\student\MPLABXProjects\Electric_pot_A\Source\timer.c
               TimerStart   0x0053ee    program     extern C:\Users\student\MPLABXProjects\Electric_pot_A\Source\timer.c
                TimerStop   0x0053fa    program     extern C:\Users\student\MPLABXProjects\Electric_pot_A\Source\timer.c
        User_Confugration   0x00450e    program     extern C:\Users\student\MPLABXProjects\Electric_pot_A\Source\main.c
              Write1USART   0x00586a    program     extern E:\3.46\pic18-lt\cxx-framework\src\pmc_common\USART\u1write.c
                WriteI2C1   0x005558    program     extern E:\3.46\pic18-lt\cxx-framework\src\pmc_common\i2c\i2c1writ.c
        _D1KTCYXCODE_0010   0x0058f6    program     static E:\3.46\pic18-lt\cxx-framework\src\traditional\delays\d1ktcyx.asm
        _D1KTCYXCODE_0016   0x0058fc    program     static E:\3.46\pic18-lt\cxx-framework\src\traditional\delays\d1ktcyx.asm
 _Main_TempSettingProcess   0x004836    program     static C:\Users\student\MPLABXProjects\Electric_pot_A\Source\MainProcess.c
              _TimerCount   0x005452    program     static C:\Users\student\MPLABXProjects\Electric_pot_A\Source\timer.c
           ___?:_lbl00021   0x000372    program     static                          
           ___?:_lbl00022   0x000366    program     static                          
         ___else_lbl00002   0x0001e2    program     static                          
         ___else_lbl00004   0x00020c    program     static                          
         ___else_lbl00006   0x00023a    program     static                          
         ___else_lbl00008   0x00023c    program     static                          
         ___else_lbl00008   0x0036be    program     static                          
         ___else_lbl00010   0x00020e    program     static                          
         ___else_lbl00014   0x0002e6    program     static                          
         ___else_lbl00016   0x00030e    program     static                          
         ___else_lbl00016   0x0038c8    program     static                          
         ___else_lbl00018   0x000310    program     static                          
         ___else_lbl00024   0x0003a8    program     static                          
         ___else_lbl00026   0x0003f0    program     static                          
         ___else_lbl00029   0x003ad6    program     static                          
         ___else_lbl00030   0x000454    program     static                          
         ___else_lbl00066   0x0008d0    program     static                          
         ___else_lbl00070   0x0008f0    program     static                          
         ___else_lbl00072   0x0008f8    program     static                          
         ___else_lbl00074   0x00090e    program     static                          
         ___else_lbl00077   0x000910    program     static                          
         ___else_lbl00134   0x0013e0    program     static                          
         ___else_lbl00136   0x00134c    program     static                          
         ___else_lbl00162   0x001744    program     static                          
           ___if_lbl00001   0x0001e2    program     static                          
           ___if_lbl00003   0x00020c    program     static                          
           ___if_lbl00005   0x00023a    program     static                          
           ___if_lbl00007   0x0036c8    program     static                          
           ___if_lbl00007   0x00023c    program     static                          
           ___if_lbl00009   0x00023c    program     static                          
           ___if_lbl00011   0x00027a    program     static                          
           ___if_lbl00012   0x0002e4    program     static                          
           ___if_lbl00013   0x0002e8    program     static                          
           ___if_lbl00015   0x00030e    program     static                          
           ___if_lbl00015   0x0038d2    program     static                          
           ___if_lbl00017   0x000310    program     static                          
           ___if_lbl00018   0x000010    program     static                          
           ___if_lbl00019   0x000310    program     static                          
           ___if_lbl00019   0x000018    program     static                          
           ___if_lbl00020   0x000024    program     static                          
           ___if_lbl00021   0x000024    program     static                          
           ___if_lbl00023   0x0003a8    program     static                          
           ___if_lbl00025   0x0003f0    program     static                          
           ___if_lbl00025   0x0039de    program     static                          
           ___if_lbl00027   0x000432    program     static                          
           ___if_lbl00028   0x000464    program     static                          
           ___if_lbl00028   0x003ae0    program     static                          
           ___if_lbl00029   0x000464    program     static                          
           ___if_lbl00031   0x000464    program     static                          
           ___if_lbl00064   0x00084c    program     static                          
           ___if_lbl00065   0x0008d0    program     static                          
           ___if_lbl00069   0x0008f0    program     static                          
           ___if_lbl00071   0x0008f8    program     static                          
           ___if_lbl00073   0x00090e    program     static                          
           ___if_lbl00075   0x00090e    program     static                          
           ___if_lbl00076   0x000910    program     static                          
           ___if_lbl00078   0x000916    program     static                          
           ___if_lbl00080   0x000956    program     static                          
           ___if_lbl00133   0x0013e4    program     static                          
           ___if_lbl00135   0x0013e4    program     static                          
           ___if_lbl00137   0x0013ea    program     static                          
           ___if_lbl00160   0x001730    program     static                          
           ___if_lbl00161   0x001744    program     static                          
       ___return_lbl00000   0x0058c2    program     static                          
       ___return_lbl00000   0x000004    program     static                          
       ___return_lbl00000   0x000314    program     static                          
       ___return_lbl00001   0x005940    program     static                          
       ___return_lbl00002   0x005556    program     static                          
       ___return_lbl00004   0x0036cc    program     static                          
       ___return_lbl00010   0x0038d2    program     static                          
       ___return_lbl00017   0x000024    program     static                          
       ___return_lbl00020   0x000464    program     static                          
       ___return_lbl00022   0x003ae0    program     static                          
       ___return_lbl00061   0x00091c    program     static                          
       ___return_lbl00079   0x000968    program     static                          
       ___return_lbl00131   0x0013ee    program     static                          
       ___return_lbl00157   0x001746    program     static                          
        ___while_lbl00005   0x0035e0    program     static                          
        ___while_lbl00006   0x0035f6    program     static                          
        ___while_lbl00011   0x0037a0    program     static                          
        ___while_lbl00012   0x0037b6    program     static                          
        ___while_lbl00013   0x0037ea    program     static                          
        ___while_lbl00014   0x003800    program     static                          
        ___while_lbl00023   0x0039a4    program     static                          
        ___while_lbl00024   0x0039ba    program     static                          
        ___while_lbl00026   0x0039f8    program     static                          
        ___while_lbl00027   0x003a0e    program     static                          
        ___while_lbl00062   0x0007aa    program     static                          
        ___while_lbl00063   0x0008d2    program     static                          
        ___while_lbl00067   0x0008da    program     static                          
        ___while_lbl00068   0x0008f6    program     static                          
        ___while_lbl00158   0x0016b2    program     static                          
        ___while_lbl00159   0x001746    program     static                          
               __config_0   0x007ff8    program     static C:\Users\student\MPLABXProjects\Electric_pot_A\Source\main.c
               __config_1   0x007ff9    program     static C:\Users\student\MPLABXProjects\Electric_pot_A\Source\main.c
               __config_2   0x007ffa    program     static C:\Users\student\MPLABXProjects\Electric_pot_A\Source\main.c
               __config_3   0x007ffb    program     static C:\Users\student\MPLABXProjects\Electric_pot_A\Source\main.c
               __config_4   0x007ffc    program     static C:\Users\student\MPLABXProjects\Electric_pot_A\Source\main.c
               __config_5   0x007ffd    program     static C:\Users\student\MPLABXProjects\Electric_pot_A\Source\main.c
               __config_6   0x007ffe    program     static C:\Users\student\MPLABXProjects\Electric_pot_A\Source\main.c
               __config_7   0x007fff    program     static C:\Users\student\MPLABXProjects\Electric_pot_A\Source\main.c
                   __init   0x000006    program     extern E:\3.46\pic18-lt\cxx-framework\src\traditional\stdclib\__init.c
               __string_0   0x00596a    program     static C:\Users\student\MPLABXProjects\Electric_pot_A\Source\main.c
               __string_0   0x00595c    program     static C:\Users\student\MPLABXProjects\Electric_pot_A\FreeRTOS\Source\tasks.c
               __string_0   0x00596d    program     static C:\Users\student\MPLABXProjects\Electric_pot_A\Source\Remotepower.c
               __string_1   0x005967    program     static C:\Users\student\MPLABXProjects\Electric_pot_A\Source\main.c
               __string_2   0x005964    program     static C:\Users\student\MPLABXProjects\Electric_pot_A\Source\main.c
               __string_3   0x005961    program     static C:\Users\student\MPLABXProjects\Electric_pot_A\Source\main.c
               __tmplbl_4   0x001346    program     static                          
               __tmplbl_5   0x001316    program     static                          
               __tmplbl_6   0x0016c8    program     static                          
               __tmplbl_7   0x0016c4    program     static                          
            __zero_memory   0x005906    program     extern E:\3.46\pic18-lt\cxx-framework\src\traditional\proc\p18f45j50.asm
                   _delay   0x004be8    program     static C:\Users\student\MPLABXProjects\Electric_pot_A\Source\input.c
                _do_cinit   0x0054ba    program     extern E:\3.46\pic18-lt\cxx-framework\src\traditional\startup\c018i.c
                   _entry   0x000000    program     extern E:\3.46\pic18-lt\cxx-framework\src\traditional\startup\c018i.c
                 _startup   0x005926    program     extern E:\3.46\pic18-lt\cxx-framework\src\traditional\startup\c018i.c
                      _sw   0x004958    program     static C:\Users\student\MPLABXProjects\Electric_pot_A\Source\input.c
               baud1USART   0x0058c4    program     extern E:\3.46\pic18-lt\cxx-framework\src\pmc_common\USART\u1baud.c
                calc_crc8   0x002d6a    program     extern C:\Users\student\MPLABXProjects\Electric_pot_A\Source\ds2482.c
                compare_l   0x00591c    program     static E:\3.46\pic18-lt\cxx-framework\src\traditional\proc\p18f45j50.asm
                copy_loop   0x00552c    program     static                          
            copy_one_byte   0x005532    program     static                          
                     done   0x005556    program     static                          
             done_copying   0x005540    program     static                          
                  endloop   0x0058be    program     static                          
                 getsI2C1   0x0055d8    program     extern E:\3.46\pic18-lt\cxx-framework\src\pmc_common\i2c\i2c1gets.c
                     loop   0x005936    program     static                          
                     loop   0x0058a2    program     static                          
                   loop_h   0x005914    program     static E:\3.46\pic18-lt\cxx-framework\src\traditional\proc\p18f45j50.asm
                   loop_l   0x00591e    program     static E:\3.46\pic18-lt\cxx-framework\src\traditional\proc\p18f45j50.asm
                     main   0x0040fa    program     extern C:\Users\student\MPLABXProjects\Electric_pot_A\Source\main.c
prvAddCurrentTaskToDelayedList   0x001758    program     static C:\Users\student\MPLABXProjects\Electric_pot_A\FreeRTOS\Source\tasks.c
   prvAllocateTCBAndStack   0x001838    program     static C:\Users\student\MPLABXProjects\Electric_pot_A\FreeRTOS\Source\tasks.c
prvCheckTasksWaitingTermination   0x00169c    program     static C:\Users\student\MPLABXProjects\Electric_pot_A\FreeRTOS\Source\tasks.c
             prvDeleteTCB   0x00193a    program     static C:\Users\student\MPLABXProjects\Electric_pot_A\FreeRTOS\Source\tasks.c
              prvIdleTask   0x001408    program     static C:\Users\student\MPLABXProjects\Electric_pot_A\FreeRTOS\Source\tasks.c
prvInitialiseTCBVariables   0x001436    program     static C:\Users\student\MPLABXProjects\Electric_pot_A\FreeRTOS\Source\tasks.c
   prvInitialiseTaskLists   0x0015f8    program     static C:\Users\student\MPLABXProjects\Electric_pot_A\FreeRTOS\Source\tasks.c
          prvLowInterrupt   0x000008    program     static C:\Users\student\MPLABXProjects\Electric_pot_A\FreeRTOS\Source\portable\MPLAB\PIC18F\port.c
prvResetNextTaskUnblockTime   0x00198e    program     static C:\Users\student\MPLABXProjects\Electric_pot_A\FreeRTOS\Source\tasks.c
   prvSetupTimerInterrupt   0x003ae2    program     static C:\Users\student\MPLABXProjects\Electric_pot_A\FreeRTOS\Source\portable\MPLAB\PIC18F\port.c
               prvTickISR   0x0038d4    program     static C:\Users\student\MPLABXProjects\Electric_pot_A\FreeRTOS\Source\portable\MPLAB\PIC18F\port.c
             pvPortMalloc   0x0052b0    program     extern C:\Users\student\MPLABXProjects\Electric_pot_A\FreeRTOS\Source\portable\MemMang\heap_1.c
    pxPortInitialiseStack   0x003140    program     extern C:\Users\student\MPLABXProjects\Electric_pot_A\FreeRTOS\Source\portable\MPLAB\PIC18F\port.c
         read_DS2482_data   0x001bee    program     extern C:\Users\student\MPLABXProjects\Electric_pot_A\Source\ds2482.c
          read_DS2482_set   0x001a90    program     extern C:\Users\student\MPLABXProjects\Electric_pot_A\Source\ds2482.c
         remort_power_off   0x005660    program     extern C:\Users\student\MPLABXProjects\Electric_pot_A\Source\Remotepower.c
          remort_power_on   0x00564e    program     extern C:\Users\student\MPLABXProjects\Electric_pot_A\Source\Remotepower.c
              strRomUSART   0x005672    program     extern C:\Users\student\MPLABXProjects\Electric_pot_A\Source\Remotepower.c
                     test   0x0054d4    program     static                          
             uxListRemove   0x003faa    program     extern C:\Users\student\MPLABXProjects\Electric_pot_A\FreeRTOS\Source\list.c
   uxTaskGetNumberOfTasks   0x0009be    program     extern C:\Users\student\MPLABXProjects\Electric_pot_A\FreeRTOS\Source\tasks.c
uxTaskResetEventItemValue   0x001a10    program     extern C:\Users\student\MPLABXProjects\Electric_pot_A\FreeRTOS\Source\tasks.c
     vApplicationTickHook   0x0053ce    program     extern C:\Users\student\MPLABXProjects\Electric_pot_A\Source\timer.c
          vListInitialise   0x003bc2    program     extern C:\Users\student\MPLABXProjects\Electric_pot_A\FreeRTOS\Source\list.c
      vListInitialiseItem   0x003cb6    program     extern C:\Users\student\MPLABXProjects\Electric_pot_A\FreeRTOS\Source\list.c
              vListInsert   0x003de6    program     extern C:\Users\student\MPLABXProjects\Electric_pot_A\FreeRTOS\Source\list.c
           vListInsertEnd   0x003ce6    program     extern C:\Users\student\MPLABXProjects\Electric_pot_A\FreeRTOS\Source\list.c
        vPortEndScheduler   0x0036ce    program     extern C:\Users\student\MPLABXProjects\Electric_pot_A\FreeRTOS\Source\portable\MPLAB\PIC18F\port.c
                vPortFree   0x00538c    program     extern C:\Users\student\MPLABXProjects\Electric_pot_A\FreeRTOS\Source\portable\MemMang\heap_1.c
    vPortInitialiseBlocks   0x0053a8    program     extern C:\Users\student\MPLABXProjects\Electric_pot_A\FreeRTOS\Source\portable\MemMang\heap_1.c
               vPortYield   0x0036d0    program     extern C:\Users\student\MPLABXProjects\Electric_pot_A\FreeRTOS\Source\portable\MPLAB\PIC18F\port.c
             vSerialRxISR   0x0040f6    program     extern C:\Users\student\MPLABXProjects\Electric_pot_A\Source\main.c
             vSerialTxISR   0x0040f8    program     extern C:\Users\student\MPLABXProjects\Electric_pot_A\Source\main.c
                vTASK_BTN   0x00441a    program     static C:\Users\student\MPLABXProjects\Electric_pot_A\Source\main.c
                vTASK_LED   0x0042bc    program     static C:\Users\student\MPLABXProjects\Electric_pot_A\Source\main.c
               vTASK_MAIN   0x0044be    program     static C:\Users\student\MPLABXProjects\Electric_pot_A\Source\main.c
               vTASK_SENS   0x00443c    program     static C:\Users\student\MPLABXProjects\Electric_pot_A\Source\main.c
               vTaskDelay   0x000622    program     extern C:\Users\student\MPLABXProjects\Electric_pot_A\FreeRTOS\Source\tasks.c
          vTaskDelayUntil   0x000474    program     extern C:\Users\student\MPLABXProjects\Electric_pot_A\FreeRTOS\Source\tasks.c
              vTaskDelete   0x000330    program     extern C:\Users\student\MPLABXProjects\Electric_pot_A\FreeRTOS\Source\tasks.c
        vTaskEndScheduler   0x000762    program     extern C:\Users\student\MPLABXProjects\Electric_pot_A\FreeRTOS\Source\tasks.c
         vTaskMissedYield   0x001400    program     extern C:\Users\student\MPLABXProjects\Electric_pot_A\FreeRTOS\Source\tasks.c
    vTaskPlaceOnEventList   0x000dd4    program     extern C:\Users\student\MPLABXProjects\Electric_pot_A\FreeRTOS\Source\tasks.c
vTaskPlaceOnUnorderedEventList   0x000e8e    program     extern C:\Users\student\MPLABXProjects\Electric_pot_A\FreeRTOS\Source\tasks.c
     vTaskSetTimeOutState   0x001298    program     extern C:\Users\student\MPLABXProjects\Electric_pot_A\FreeRTOS\Source\tasks.c
      vTaskStartScheduler   0x0006de    program     extern C:\Users\student\MPLABXProjects\Electric_pot_A\FreeRTOS\Source\tasks.c
          vTaskSuspendAll   0x00076e    program     extern C:\Users\student\MPLABXProjects\Electric_pot_A\FreeRTOS\Source\tasks.c
       vTaskSwitchContext   0x000ca0    program     extern C:\Users\student\MPLABXProjects\Electric_pot_A\FreeRTOS\Source\tasks.c
         view_mode7segled   0x005264    program     extern C:\Users\student\MPLABXProjects\Electric_pot_A\Source\led.c
         view_temp7segled   0x0050d0    program     extern C:\Users\student\MPLABXProjects\Electric_pot_A\Source\led.c
     xPortGetFreeHeapSize   0x0053b0    program     extern C:\Users\student\MPLABXProjects\Electric_pot_A\FreeRTOS\Source\portable\MemMang\heap_1.c
      xPortStartScheduler   0x0035c4    program     extern C:\Users\student\MPLABXProjects\Electric_pot_A\FreeRTOS\Source\portable\MPLAB\PIC18F\port.c
     xTaskCheckForTimeOut   0x0012da    program     extern C:\Users\student\MPLABXProjects\Electric_pot_A\FreeRTOS\Source\tasks.c
       xTaskGenericCreate   0x00004c    program     extern C:\Users\student\MPLABXProjects\Electric_pot_A\FreeRTOS\Source\tasks.c
   xTaskGetIdleTaskHandle   0x0009c6    program     extern C:\Users\student\MPLABXProjects\Electric_pot_A\FreeRTOS\Source\tasks.c
        xTaskGetTickCount   0x00092e    program     extern C:\Users\student\MPLABXProjects\Electric_pot_A\FreeRTOS\Source\tasks.c
 xTaskGetTickCountFromISR   0x000978    program     extern C:\Users\student\MPLABXProjects\Electric_pot_A\FreeRTOS\Source\tasks.c
       xTaskIncrementTick   0x0009d2    program     extern C:\Users\student\MPLABXProjects\Electric_pot_A\FreeRTOS\Source\tasks.c
 xTaskRemoveFromEventList   0x000f72    program     extern C:\Users\student\MPLABXProjects\Electric_pot_A\FreeRTOS\Source\tasks.c
xTaskRemoveFromUnorderedEventList   0x001126    program     extern C:\Users\student\MPLABXProjects\Electric_pot_A\FreeRTOS\Source\tasks.c
           xTaskResumeAll   0x000774    program     extern C:\Users\student\MPLABXProjects\Electric_pot_A\FreeRTOS\Source\tasks.c
               zero_block   0x005914    program     static E:\3.46\pic18-lt\cxx-framework\src\traditional\proc\p18f45j50.asm
                   ADCON0   0x000fc2       data     extern E:\3.46\pic18-lt\cxx-framework\src\traditional\proc\p18f45j50.asm
               ADCON0bits   0x000fc2       data     extern E:\3.46\pic18-lt\cxx-framework\src\traditional\proc\p18f45j50.asm
                   ADCON1   0x000fc1       data     extern E:\3.46\pic18-lt\cxx-framework\src\traditional\proc\p18f45j50.asm
               ADCON1bits   0x000fc1       data     extern E:\3.46\pic18-lt\cxx-framework\src\traditional\proc\p18f45j50.asm
                    ADRES   0x000fc3       data     extern E:\3.46\pic18-lt\cxx-framework\src\traditional\proc\p18f45j50.asm
                   ADRESH   0x000fc4       data     extern E:\3.46\pic18-lt\cxx-framework\src\traditional\proc\p18f45j50.asm
                   ADRESL   0x000fc3       data     extern E:\3.46\pic18-lt\cxx-framework\src\traditional\proc\p18f45j50.asm
                  ALRMCFG   0x000f91       data     extern E:\3.46\pic18-lt\cxx-framework\src\traditional\proc\p18f45j50.asm
              ALRMCFGbits   0x000f91       data     extern E:\3.46\pic18-lt\cxx-framework\src\traditional\proc\p18f45j50.asm
                  ALRMRPT   0x000f90       data     extern E:\3.46\pic18-lt\cxx-framework\src\traditional\proc\p18f45j50.asm
              ALRMRPTbits   0x000f90       data     extern E:\3.46\pic18-lt\cxx-framework\src\traditional\proc\p18f45j50.asm
                 ALRMVALH   0x000f8f       data     extern E:\3.46\pic18-lt\cxx-framework\src\traditional\proc\p18f45j50.asm
                 ALRMVALL   0x000f8e       data     extern E:\3.46\pic18-lt\cxx-framework\src\traditional\proc\p18f45j50.asm
                   ANCON0   0x000f48       data     extern E:\3.46\pic18-lt\cxx-framework\src\traditional\proc\p18f45j50.asm
               ANCON0bits   0x000f48       data     extern E:\3.46\pic18-lt\cxx-framework\src\traditional\proc\p18f45j50.asm
                   ANCON1   0x000f49       data     extern E:\3.46\pic18-lt\cxx-framework\src\traditional\proc\p18f45j50.asm
               ANCON1bits   0x000f49       data     extern E:\3.46\pic18-lt\cxx-framework\src\traditional\proc\p18f45j50.asm
                  BAUDCON   0x000f7e       data     extern E:\3.46\pic18-lt\cxx-framework\src\traditional\proc\p18f45j50.asm
                 BAUDCON1   0x000f7e       data     extern E:\3.46\pic18-lt\cxx-framework\src\traditional\proc\p18f45j50.asm
             BAUDCON1bits   0x000f7e       data     extern E:\3.46\pic18-lt\cxx-framework\src\traditional\proc\p18f45j50.asm
                 BAUDCON2   0x000f7c       data     extern E:\3.46\pic18-lt\cxx-framework\src\traditional\proc\p18f45j50.asm
             BAUDCON2bits   0x000f7c       data     extern E:\3.46\pic18-lt\cxx-framework\src\traditional\proc\p18f45j50.asm
              BAUDCONbits   0x000f7e       data     extern E:\3.46\pic18-lt\cxx-framework\src\traditional\proc\p18f45j50.asm
                  BAUDCTL   0x000f7e       data     extern E:\3.46\pic18-lt\cxx-framework\src\traditional\proc\p18f45j50.asm
              BAUDCTLbits   0x000f7e       data     extern E:\3.46\pic18-lt\cxx-framework\src\traditional\proc\p18f45j50.asm
                      BSR   0x000fe0       data     extern E:\3.46\pic18-lt\cxx-framework\src\traditional\proc\p18f45j50.asm
                  CCP1CON   0x000fba       data     extern E:\3.46\pic18-lt\cxx-framework\src\traditional\proc\p18f45j50.asm
              CCP1CONbits   0x000fba       data     extern E:\3.46\pic18-lt\cxx-framework\src\traditional\proc\p18f45j50.asm
                  CCP2CON   0x000fb4       data     extern E:\3.46\pic18-lt\cxx-framework\src\traditional\proc\p18f45j50.asm
              CCP2CONbits   0x000fb4       data     extern E:\3.46\pic18-lt\cxx-framework\src\traditional\proc\p18f45j50.asm
                    CCPR1   0x000fbb       data     extern E:\3.46\pic18-lt\cxx-framework\src\traditional\proc\p18f45j50.asm
                   CCPR1H   0x000fbc       data     extern E:\3.46\pic18-lt\cxx-framework\src\traditional\proc\p18f45j50.asm
                   CCPR1L   0x000fbb       data     extern E:\3.46\pic18-lt\cxx-framework\src\traditional\proc\p18f45j50.asm
                    CCPR2   0x000fb5       data     extern E:\3.46\pic18-lt\cxx-framework\src\traditional\proc\p18f45j50.asm
                   CCPR2H   0x000fb6       data     extern E:\3.46\pic18-lt\cxx-framework\src\traditional\proc\p18f45j50.asm
                   CCPR2L   0x000fb5       data     extern E:\3.46\pic18-lt\cxx-framework\src\traditional\proc\p18f45j50.asm
                   CM1CON   0x000fd2       data     extern E:\3.46\pic18-lt\cxx-framework\src\traditional\proc\p18f45j50.asm
                  CM1CON1   0x000fd2       data     extern E:\3.46\pic18-lt\cxx-framework\src\traditional\proc\p18f45j50.asm
              CM1CON1bits   0x000fd2       data     extern E:\3.46\pic18-lt\cxx-framework\src\traditional\proc\p18f45j50.asm
               CM1CONbits   0x000fd2       data     extern E:\3.46\pic18-lt\cxx-framework\src\traditional\proc\p18f45j50.asm
                   CM2CON   0x000fd1       data     extern E:\3.46\pic18-lt\cxx-framework\src\traditional\proc\p18f45j50.asm
                  CM2CON1   0x000fd1       data     extern E:\3.46\pic18-lt\cxx-framework\src\traditional\proc\p18f45j50.asm
              CM2CON1bits   0x000fd1       data     extern E:\3.46\pic18-lt\cxx-framework\src\traditional\proc\p18f45j50.asm
               CM2CONbits   0x000fd1       data     extern E:\3.46\pic18-lt\cxx-framework\src\traditional\proc\p18f45j50.asm
                   CMSTAT   0x000f70       data     extern E:\3.46\pic18-lt\cxx-framework\src\traditional\proc\p18f45j50.asm
                 CMSTATUS   0x000f70       data     extern E:\3.46\pic18-lt\cxx-framework\src\traditional\proc\p18f45j50.asm
             CMSTATUSbits   0x000f70       data     extern E:\3.46\pic18-lt\cxx-framework\src\traditional\proc\p18f45j50.asm
               CMSTATbits   0x000f70       data     extern E:\3.46\pic18-lt\cxx-framework\src\traditional\proc\p18f45j50.asm
                 CTMUCONH   0x000fb3       data     extern E:\3.46\pic18-lt\cxx-framework\src\traditional\proc\p18f45j50.asm
             CTMUCONHbits   0x000fb3       data     extern E:\3.46\pic18-lt\cxx-framework\src\traditional\proc\p18f45j50.asm
                 CTMUCONL   0x000fb2       data     extern E:\3.46\pic18-lt\cxx-framework\src\traditional\proc\p18f45j50.asm
             CTMUCONLbits   0x000fb2       data     extern E:\3.46\pic18-lt\cxx-framework\src\traditional\proc\p18f45j50.asm
                 CTMUICON   0x000fb1       data     extern E:\3.46\pic18-lt\cxx-framework\src\traditional\proc\p18f45j50.asm
             CTMUICONbits   0x000fb1       data     extern E:\3.46\pic18-lt\cxx-framework\src\traditional\proc\p18f45j50.asm
                   CVRCON   0x000f53       data     extern E:\3.46\pic18-lt\cxx-framework\src\traditional\proc\p18f45j50.asm
               CVRCONbits   0x000f53       data     extern E:\3.46\pic18-lt\cxx-framework\src\traditional\proc\p18f45j50.asm
                   DMABCH   0x000f66       data     extern E:\3.46\pic18-lt\cxx-framework\src\traditional\proc\p18f45j50.asm
               DMABCHbits   0x000f66       data     extern E:\3.46\pic18-lt\cxx-framework\src\traditional\proc\p18f45j50.asm
                   DMABCL   0x000f67       data     extern E:\3.46\pic18-lt\cxx-framework\src\traditional\proc\p18f45j50.asm
                  DMACON1   0x000f88       data     extern E:\3.46\pic18-lt\cxx-framework\src\traditional\proc\p18f45j50.asm
              DMACON1bits   0x000f88       data     extern E:\3.46\pic18-lt\cxx-framework\src\traditional\proc\p18f45j50.asm
                  DMACON2   0x000f86       data     extern E:\3.46\pic18-lt\cxx-framework\src\traditional\proc\p18f45j50.asm
              DMACON2bits   0x000f86       data     extern E:\3.46\pic18-lt\cxx-framework\src\traditional\proc\p18f45j50.asm
                   DSCONH   0x000f4d       data     extern E:\3.46\pic18-lt\cxx-framework\src\traditional\proc\p18f45j50.asm
               DSCONHbits   0x000f4d       data     extern E:\3.46\pic18-lt\cxx-framework\src\traditional\proc\p18f45j50.asm
                   DSCONL   0x000f4c       data     extern E:\3.46\pic18-lt\cxx-framework\src\traditional\proc\p18f45j50.asm
               DSCONLbits   0x000f4c       data     extern E:\3.46\pic18-lt\cxx-framework\src\traditional\proc\p18f45j50.asm
                   DSGPR0   0x000f4e       data     extern E:\3.46\pic18-lt\cxx-framework\src\traditional\proc\p18f45j50.asm
                   DSGPR1   0x000f4f       data     extern E:\3.46\pic18-lt\cxx-framework\src\traditional\proc\p18f45j50.asm
                  DSWAKEH   0x000f4b       data     extern E:\3.46\pic18-lt\cxx-framework\src\traditional\proc\p18f45j50.asm
              DSWAKEHbits   0x000f4b       data     extern E:\3.46\pic18-lt\cxx-framework\src\traditional\proc\p18f45j50.asm
                  DSWAKEL   0x000f4a       data     extern E:\3.46\pic18-lt\cxx-framework\src\traditional\proc\p18f45j50.asm
              DSWAKELbits   0x000f4a       data     extern E:\3.46\pic18-lt\cxx-framework\src\traditional\proc\p18f45j50.asm
            DelayCounter1   0x000018       data     extern E:\3.46\pic18-lt\cxx-framework\src\traditional\delays\delayd1.asm
                  ECCP1AS   0x000fbe       data     extern E:\3.46\pic18-lt\cxx-framework\src\traditional\proc\p18f45j50.asm
              ECCP1ASbits   0x000fbe       data     extern E:\3.46\pic18-lt\cxx-framework\src\traditional\proc\p18f45j50.asm
                 ECCP1CON   0x000fba       data     extern E:\3.46\pic18-lt\cxx-framework\src\traditional\proc\p18f45j50.asm
             ECCP1CONbits   0x000fba       data     extern E:\3.46\pic18-lt\cxx-framework\src\traditional\proc\p18f45j50.asm
                 ECCP1DEL   0x000fbd       data     extern E:\3.46\pic18-lt\cxx-framework\src\traditional\proc\p18f45j50.asm
             ECCP1DELbits   0x000fbd       data     extern E:\3.46\pic18-lt\cxx-framework\src\traditional\proc\p18f45j50.asm
                  ECCP2AS   0x000fb8       data     extern E:\3.46\pic18-lt\cxx-framework\src\traditional\proc\p18f45j50.asm
              ECCP2ASbits   0x000fb8       data     extern E:\3.46\pic18-lt\cxx-framework\src\traditional\proc\p18f45j50.asm
                 ECCP2CON   0x000fb4       data     extern E:\3.46\pic18-lt\cxx-framework\src\traditional\proc\p18f45j50.asm
             ECCP2CONbits   0x000fb4       data     extern E:\3.46\pic18-lt\cxx-framework\src\traditional\proc\p18f45j50.asm
                 ECCP2DEL   0x000fb7       data     extern E:\3.46\pic18-lt\cxx-framework\src\traditional\proc\p18f45j50.asm
             ECCP2DELbits   0x000fb7       data     extern E:\3.46\pic18-lt\cxx-framework\src\traditional\proc\p18f45j50.asm
                   EECON1   0x000fa6       data     extern E:\3.46\pic18-lt\cxx-framework\src\traditional\proc\p18f45j50.asm
               EECON1bits   0x000fa6       data     extern E:\3.46\pic18-lt\cxx-framework\src\traditional\proc\p18f45j50.asm
                   EECON2   0x000fa7       data     extern E:\3.46\pic18-lt\cxx-framework\src\traditional\proc\p18f45j50.asm
                     FSR0   0x000fe9       data     extern E:\3.46\pic18-lt\cxx-framework\src\traditional\proc\p18f45j50.asm
                    FSR0H   0x000fea       data     extern E:\3.46\pic18-lt\cxx-framework\src\traditional\proc\p18f45j50.asm
                    FSR0L   0x000fe9       data     extern E:\3.46\pic18-lt\cxx-framework\src\traditional\proc\p18f45j50.asm
                     FSR1   0x000fe1       data     extern E:\3.46\pic18-lt\cxx-framework\src\traditional\proc\p18f45j50.asm
                    FSR1H   0x000fe2       data     extern E:\3.46\pic18-lt\cxx-framework\src\traditional\proc\p18f45j50.asm
                    FSR1L   0x000fe1       data     extern E:\3.46\pic18-lt\cxx-framework\src\traditional\proc\p18f45j50.asm
                     FSR2   0x000fd9       data     extern E:\3.46\pic18-lt\cxx-framework\src\traditional\proc\p18f45j50.asm
                    FSR2H   0x000fda       data     extern E:\3.46\pic18-lt\cxx-framework\src\traditional\proc\p18f45j50.asm
                    FSR2L   0x000fd9       data     extern E:\3.46\pic18-lt\cxx-framework\src\traditional\proc\p18f45j50.asm
                  HLVDCON   0x000f85       data     extern E:\3.46\pic18-lt\cxx-framework\src\traditional\proc\p18f45j50.asm
              HLVDCONbits   0x000f85       data     extern E:\3.46\pic18-lt\cxx-framework\src\traditional\proc\p18f45j50.asm
              I2C_address   0x0008bb       data     extern C:\Users\student\MPLABXProjects\Electric_pot_A\Source\ds2482.c
                    INDF0   0x000fef       data     extern E:\3.46\pic18-lt\cxx-framework\src\traditional\proc\p18f45j50.asm
                    INDF1   0x000fe7       data     extern E:\3.46\pic18-lt\cxx-framework\src\traditional\proc\p18f45j50.asm
                    INDF2   0x000fdf       data     extern E:\3.46\pic18-lt\cxx-framework\src\traditional\proc\p18f45j50.asm
                   INTCON   0x000ff2       data     extern E:\3.46\pic18-lt\cxx-framework\src\traditional\proc\p18f45j50.asm
                  INTCON2   0x000ff1       data     extern E:\3.46\pic18-lt\cxx-framework\src\traditional\proc\p18f45j50.asm
              INTCON2bits   0x000ff1       data     extern E:\3.46\pic18-lt\cxx-framework\src\traditional\proc\p18f45j50.asm
                  INTCON3   0x000ff0       data     extern E:\3.46\pic18-lt\cxx-framework\src\traditional\proc\p18f45j50.asm
              INTCON3bits   0x000ff0       data     extern E:\3.46\pic18-lt\cxx-framework\src\traditional\proc\p18f45j50.asm
               INTCONbits   0x000ff2       data     extern E:\3.46\pic18-lt\cxx-framework\src\traditional\proc\p18f45j50.asm
                     IPR1   0x000f9f       data     extern E:\3.46\pic18-lt\cxx-framework\src\traditional\proc\p18f45j50.asm
                 IPR1bits   0x000f9f       data     extern E:\3.46\pic18-lt\cxx-framework\src\traditional\proc\p18f45j50.asm
                     IPR2   0x000fa2       data     extern E:\3.46\pic18-lt\cxx-framework\src\traditional\proc\p18f45j50.asm
                 IPR2bits   0x000fa2       data     extern E:\3.46\pic18-lt\cxx-framework\src\traditional\proc\p18f45j50.asm
                     IPR3   0x000fa5       data     extern E:\3.46\pic18-lt\cxx-framework\src\traditional\proc\p18f45j50.asm
                 IPR3bits   0x000fa5       data     extern E:\3.46\pic18-lt\cxx-framework\src\traditional\proc\p18f45j50.asm
                     LATA   0x000f89       data     extern E:\3.46\pic18-lt\cxx-framework\src\traditional\proc\p18f45j50.asm
                 LATAbits   0x000f89       data     extern E:\3.46\pic18-lt\cxx-framework\src\traditional\proc\p18f45j50.asm
                     LATB   0x000f8a       data     extern E:\3.46\pic18-lt\cxx-framework\src\traditional\proc\p18f45j50.asm
                 LATBbits   0x000f8a       data     extern E:\3.46\pic18-lt\cxx-framework\src\traditional\proc\p18f45j50.asm
                     LATC   0x000f8b       data     extern E:\3.46\pic18-lt\cxx-framework\src\traditional\proc\p18f45j50.asm
                 LATCbits   0x000f8b       data     extern E:\3.46\pic18-lt\cxx-framework\src\traditional\proc\p18f45j50.asm
                     LATD   0x000f8c       data     extern E:\3.46\pic18-lt\cxx-framework\src\traditional\proc\p18f45j50.asm
                 LATDbits   0x000f8c       data     extern E:\3.46\pic18-lt\cxx-framework\src\traditional\proc\p18f45j50.asm
                     LATE   0x000f8d       data     extern E:\3.46\pic18-lt\cxx-framework\src\traditional\proc\p18f45j50.asm
                 LATEbits   0x000f8d       data     extern E:\3.46\pic18-lt\cxx-framework\src\traditional\proc\p18f45j50.asm
           LastDeviceFlag   0x0008b8       data     extern C:\Users\student\MPLABXProjects\Electric_pot_A\Source\ds2482.c
          LastDiscrepancy   0x0008b4       data     extern C:\Users\student\MPLABXProjects\Electric_pot_A\Source\ds2482.c
    LastFamilyDiscrepancy   0x0008b6       data     extern C:\Users\student\MPLABXProjects\Electric_pot_A\Source\ds2482.c
                   ODCON1   0x000f42       data     extern E:\3.46\pic18-lt\cxx-framework\src\traditional\proc\p18f45j50.asm
               ODCON1bits   0x000f42       data     extern E:\3.46\pic18-lt\cxx-framework\src\traditional\proc\p18f45j50.asm
                   ODCON2   0x000f41       data     extern E:\3.46\pic18-lt\cxx-framework\src\traditional\proc\p18f45j50.asm
               ODCON2bits   0x000f41       data     extern E:\3.46\pic18-lt\cxx-framework\src\traditional\proc\p18f45j50.asm
                   ODCON3   0x000f40       data     extern E:\3.46\pic18-lt\cxx-framework\src\traditional\proc\p18f45j50.asm
               ODCON3bits   0x000f40       data     extern E:\3.46\pic18-lt\cxx-framework\src\traditional\proc\p18f45j50.asm
                   OSCCON   0x000fd3       data     extern E:\3.46\pic18-lt\cxx-framework\src\traditional\proc\p18f45j50.asm
               OSCCONbits   0x000fd3       data     extern E:\3.46\pic18-lt\cxx-framework\src\traditional\proc\p18f45j50.asm
                  OSCTUNE   0x000f9b       data     extern E:\3.46\pic18-lt\cxx-framework\src\traditional\proc\p18f45j50.asm
              OSCTUNEbits   0x000f9b       data     extern E:\3.46\pic18-lt\cxx-framework\src\traditional\proc\p18f45j50.asm
                  PADCFG1   0x000f3c       data     extern E:\3.46\pic18-lt\cxx-framework\src\traditional\proc\p18f45j50.asm
              PADCFG1bits   0x000f3c       data     extern E:\3.46\pic18-lt\cxx-framework\src\traditional\proc\p18f45j50.asm
                       PC   0x000ff9       data     extern E:\3.46\pic18-lt\cxx-framework\src\traditional\proc\p18f45j50.asm
                      PCL   0x000ff9       data     extern E:\3.46\pic18-lt\cxx-framework\src\traditional\proc\p18f45j50.asm
                   PCLATH   0x000ffa       data     extern E:\3.46\pic18-lt\cxx-framework\src\traditional\proc\p18f45j50.asm
                   PCLATU   0x000ffb       data     extern E:\3.46\pic18-lt\cxx-framework\src\traditional\proc\p18f45j50.asm
                     PIE1   0x000f9d       data     extern E:\3.46\pic18-lt\cxx-framework\src\traditional\proc\p18f45j50.asm
                 PIE1bits   0x000f9d       data     extern E:\3.46\pic18-lt\cxx-framework\src\traditional\proc\p18f45j50.asm
                     PIE2   0x000fa0       data     extern E:\3.46\pic18-lt\cxx-framework\src\traditional\proc\p18f45j50.asm
                 PIE2bits   0x000fa0       data     extern E:\3.46\pic18-lt\cxx-framework\src\traditional\proc\p18f45j50.asm
                     PIE3   0x000fa3       data     extern E:\3.46\pic18-lt\cxx-framework\src\traditional\proc\p18f45j50.asm
                 PIE3bits   0x000fa3       data     extern E:\3.46\pic18-lt\cxx-framework\src\traditional\proc\p18f45j50.asm
                     PIR1   0x000f9e       data     extern E:\3.46\pic18-lt\cxx-framework\src\traditional\proc\p18f45j50.asm
                 PIR1bits   0x000f9e       data     extern E:\3.46\pic18-lt\cxx-framework\src\traditional\proc\p18f45j50.asm
                     PIR2   0x000fa1       data     extern E:\3.46\pic18-lt\cxx-framework\src\traditional\proc\p18f45j50.asm
                 PIR2bits   0x000fa1       data     extern E:\3.46\pic18-lt\cxx-framework\src\traditional\proc\p18f45j50.asm
                     PIR3   0x000fa4       data     extern E:\3.46\pic18-lt\cxx-framework\src\traditional\proc\p18f45j50.asm
                 PIR3bits   0x000fa4       data     extern E:\3.46\pic18-lt\cxx-framework\src\traditional\proc\p18f45j50.asm
                   PLUSW0   0x000feb       data     extern E:\3.46\pic18-lt\cxx-framework\src\traditional\proc\p18f45j50.asm
                   PLUSW1   0x000fe3       data     extern E:\3.46\pic18-lt\cxx-framework\src\traditional\proc\p18f45j50.asm
                   PLUSW2   0x000fdb       data     extern E:\3.46\pic18-lt\cxx-framework\src\traditional\proc\p18f45j50.asm
                  PMADDRH   0x000f6f       data     extern E:\3.46\pic18-lt\cxx-framework\src\traditional\proc\p18f45j50.asm
              PMADDRHbits   0x000f6f       data     extern E:\3.46\pic18-lt\cxx-framework\src\traditional\proc\p18f45j50.asm
                  PMADDRL   0x000f6e       data     extern E:\3.46\pic18-lt\cxx-framework\src\traditional\proc\p18f45j50.asm
                   PMCONH   0x000f5f       data     extern E:\3.46\pic18-lt\cxx-framework\src\traditional\proc\p18f45j50.asm
               PMCONHbits   0x000f5f       data     extern E:\3.46\pic18-lt\cxx-framework\src\traditional\proc\p18f45j50.asm
                   PMCONL   0x000f5e       data     extern E:\3.46\pic18-lt\cxx-framework\src\traditional\proc\p18f45j50.asm
               PMCONLbits   0x000f5e       data     extern E:\3.46\pic18-lt\cxx-framework\src\traditional\proc\p18f45j50.asm
                  PMDIN1H   0x000f6d       data     extern E:\3.46\pic18-lt\cxx-framework\src\traditional\proc\p18f45j50.asm
                  PMDIN1L   0x000f6c       data     extern E:\3.46\pic18-lt\cxx-framework\src\traditional\proc\p18f45j50.asm
                  PMDIN2H   0x000f59       data     extern E:\3.46\pic18-lt\cxx-framework\src\traditional\proc\p18f45j50.asm
                  PMDIN2L   0x000f58       data     extern E:\3.46\pic18-lt\cxx-framework\src\traditional\proc\p18f45j50.asm
                 PMDOUT1H   0x000f6f       data     extern E:\3.46\pic18-lt\cxx-framework\src\traditional\proc\p18f45j50.asm
                 PMDOUT1L   0x000f6e       data     extern E:\3.46\pic18-lt\cxx-framework\src\traditional\proc\p18f45j50.asm
                 PMDOUT2H   0x000f5b       data     extern E:\3.46\pic18-lt\cxx-framework\src\traditional\proc\p18f45j50.asm
                 PMDOUT2L   0x000f5a       data     extern E:\3.46\pic18-lt\cxx-framework\src\traditional\proc\p18f45j50.asm
                     PMEH   0x000f57       data     extern E:\3.46\pic18-lt\cxx-framework\src\traditional\proc\p18f45j50.asm
                 PMEHbits   0x000f57       data     extern E:\3.46\pic18-lt\cxx-framework\src\traditional\proc\p18f45j50.asm
                     PMEL   0x000f56       data     extern E:\3.46\pic18-lt\cxx-framework\src\traditional\proc\p18f45j50.asm
                 PMELbits   0x000f56       data     extern E:\3.46\pic18-lt\cxx-framework\src\traditional\proc\p18f45j50.asm
                  PMMODEH   0x000f5d       data     extern E:\3.46\pic18-lt\cxx-framework\src\traditional\proc\p18f45j50.asm
              PMMODEHbits   0x000f5d       data     extern E:\3.46\pic18-lt\cxx-framework\src\traditional\proc\p18f45j50.asm
                  PMMODEL   0x000f5c       data     extern E:\3.46\pic18-lt\cxx-framework\src\traditional\proc\p18f45j50.asm
              PMMODELbits   0x000f5c       data     extern E:\3.46\pic18-lt\cxx-framework\src\traditional\proc\p18f45j50.asm
                  PMSTATH   0x000f55       data     extern E:\3.46\pic18-lt\cxx-framework\src\traditional\proc\p18f45j50.asm
              PMSTATHbits   0x000f55       data     extern E:\3.46\pic18-lt\cxx-framework\src\traditional\proc\p18f45j50.asm
                  PMSTATL   0x000f54       data     extern E:\3.46\pic18-lt\cxx-framework\src\traditional\proc\p18f45j50.asm
              PMSTATLbits   0x000f54       data     extern E:\3.46\pic18-lt\cxx-framework\src\traditional\proc\p18f45j50.asm
                    PORTA   0x000f80       data     extern E:\3.46\pic18-lt\cxx-framework\src\traditional\proc\p18f45j50.asm
                PORTAbits   0x000f80       data     extern E:\3.46\pic18-lt\cxx-framework\src\traditional\proc\p18f45j50.asm
                    PORTB   0x000f81       data     extern E:\3.46\pic18-lt\cxx-framework\src\traditional\proc\p18f45j50.asm
                PORTBbits   0x000f81       data     extern E:\3.46\pic18-lt\cxx-framework\src\traditional\proc\p18f45j50.asm
                    PORTC   0x000f82       data     extern E:\3.46\pic18-lt\cxx-framework\src\traditional\proc\p18f45j50.asm
                PORTCbits   0x000f82       data     extern E:\3.46\pic18-lt\cxx-framework\src\traditional\proc\p18f45j50.asm
                    PORTD   0x000f83       data     extern E:\3.46\pic18-lt\cxx-framework\src\traditional\proc\p18f45j50.asm
                PORTDbits   0x000f83       data     extern E:\3.46\pic18-lt\cxx-framework\src\traditional\proc\p18f45j50.asm
                    PORTE   0x000f84       data     extern E:\3.46\pic18-lt\cxx-framework\src\traditional\proc\p18f45j50.asm
                PORTEbits   0x000f84       data     extern E:\3.46\pic18-lt\cxx-framework\src\traditional\proc\p18f45j50.asm
                 POSTDEC0   0x000fed       data     extern E:\3.46\pic18-lt\cxx-framework\src\traditional\proc\p18f45j50.asm
                 POSTDEC1   0x000fe5       data     extern E:\3.46\pic18-lt\cxx-framework\src\traditional\proc\p18f45j50.asm
                 POSTDEC2   0x000fdd       data     extern E:\3.46\pic18-lt\cxx-framework\src\traditional\proc\p18f45j50.asm
                 POSTINC0   0x000fee       data     extern E:\3.46\pic18-lt\cxx-framework\src\traditional\proc\p18f45j50.asm
                 POSTINC1   0x000fe6       data     extern E:\3.46\pic18-lt\cxx-framework\src\traditional\proc\p18f45j50.asm
                 POSTINC2   0x000fde       data     extern E:\3.46\pic18-lt\cxx-framework\src\traditional\proc\p18f45j50.asm
                   PPSCON   0x000eff       data     extern E:\3.46\pic18-lt\cxx-framework\src\traditional\proc\p18f45j50.asm
               PPSCONbits   0x000eff       data     extern E:\3.46\pic18-lt\cxx-framework\src\traditional\proc\p18f45j50.asm
                      PR2   0x000fcb       data     extern E:\3.46\pic18-lt\cxx-framework\src\traditional\proc\p18f45j50.asm
                      PR4   0x000f77       data     extern E:\3.46\pic18-lt\cxx-framework\src\traditional\proc\p18f45j50.asm
                  PREINC0   0x000fec       data     extern E:\3.46\pic18-lt\cxx-framework\src\traditional\proc\p18f45j50.asm
                  PREINC1   0x000fe4       data     extern E:\3.46\pic18-lt\cxx-framework\src\traditional\proc\p18f45j50.asm
                  PREINC2   0x000fdc       data     extern E:\3.46\pic18-lt\cxx-framework\src\traditional\proc\p18f45j50.asm
                     PROD   0x000ff3       data     extern E:\3.46\pic18-lt\cxx-framework\src\traditional\proc\p18f45j50.asm
                    PRODH   0x000ff4       data     extern E:\3.46\pic18-lt\cxx-framework\src\traditional\proc\p18f45j50.asm
                    PRODL   0x000ff3       data     extern E:\3.46\pic18-lt\cxx-framework\src\traditional\proc\p18f45j50.asm
                 PSTR1CON   0x000fbf       data     extern E:\3.46\pic18-lt\cxx-framework\src\traditional\proc\p18f45j50.asm
             PSTR1CONbits   0x000fbf       data     extern E:\3.46\pic18-lt\cxx-framework\src\traditional\proc\p18f45j50.asm
                 PSTR2CON   0x000fb9       data     extern E:\3.46\pic18-lt\cxx-framework\src\traditional\proc\p18f45j50.asm
             PSTR2CONbits   0x000fb9       data     extern E:\3.46\pic18-lt\cxx-framework\src\traditional\proc\p18f45j50.asm
                  PWM1CON   0x000fbd       data     extern E:\3.46\pic18-lt\cxx-framework\src\traditional\proc\p18f45j50.asm
              PWM1CONbits   0x000fbd       data     extern E:\3.46\pic18-lt\cxx-framework\src\traditional\proc\p18f45j50.asm
                  PWM2CON   0x000fb7       data     extern E:\3.46\pic18-lt\cxx-framework\src\traditional\proc\p18f45j50.asm
              PWM2CONbits   0x000fb7       data     extern E:\3.46\pic18-lt\cxx-framework\src\traditional\proc\p18f45j50.asm
                     RCON   0x000fd0       data     extern E:\3.46\pic18-lt\cxx-framework\src\traditional\proc\p18f45j50.asm
                 RCONbits   0x000fd0       data     extern E:\3.46\pic18-lt\cxx-framework\src\traditional\proc\p18f45j50.asm
                    RCREG   0x000faf       data     extern E:\3.46\pic18-lt\cxx-framework\src\traditional\proc\p18f45j50.asm
                   RCREG1   0x000faf       data     extern E:\3.46\pic18-lt\cxx-framework\src\traditional\proc\p18f45j50.asm
                   RCREG2   0x000faa       data     extern E:\3.46\pic18-lt\cxx-framework\src\traditional\proc\p18f45j50.asm
                    RCSTA   0x000fac       data     extern E:\3.46\pic18-lt\cxx-framework\src\traditional\proc\p18f45j50.asm
                   RCSTA1   0x000fac       data     extern E:\3.46\pic18-lt\cxx-framework\src\traditional\proc\p18f45j50.asm
               RCSTA1bits   0x000fac       data     extern E:\3.46\pic18-lt\cxx-framework\src\traditional\proc\p18f45j50.asm
                   RCSTA2   0x000f9c       data     extern E:\3.46\pic18-lt\cxx-framework\src\traditional\proc\p18f45j50.asm
               RCSTA2bits   0x000f9c       data     extern E:\3.46\pic18-lt\cxx-framework\src\traditional\proc\p18f45j50.asm
                RCSTAbits   0x000fac       data     extern E:\3.46\pic18-lt\cxx-framework\src\traditional\proc\p18f45j50.asm
                  REFOCON   0x000f3d       data     extern E:\3.46\pic18-lt\cxx-framework\src\traditional\proc\p18f45j50.asm
              REFOCONbits   0x000f3d       data     extern E:\3.46\pic18-lt\cxx-framework\src\traditional\proc\p18f45j50.asm
                   ROM_NO   0x0008ac       data     extern C:\Users\student\MPLABXProjects\Electric_pot_A\Source\ds2482.c
                   RPINR1   0x000ee7       data     extern E:\3.46\pic18-lt\cxx-framework\src\traditional\proc\p18f45j50.asm
                  RPINR12   0x000ef2       data     extern E:\3.46\pic18-lt\cxx-framework\src\traditional\proc\p18f45j50.asm
                  RPINR13   0x000ef3       data     extern E:\3.46\pic18-lt\cxx-framework\src\traditional\proc\p18f45j50.asm
                  RPINR16   0x000ef6       data     extern E:\3.46\pic18-lt\cxx-framework\src\traditional\proc\p18f45j50.asm
                  RPINR17   0x000ef7       data     extern E:\3.46\pic18-lt\cxx-framework\src\traditional\proc\p18f45j50.asm
                   RPINR2   0x000ee8       data     extern E:\3.46\pic18-lt\cxx-framework\src\traditional\proc\p18f45j50.asm
                  RPINR21   0x000efb       data     extern E:\3.46\pic18-lt\cxx-framework\src\traditional\proc\p18f45j50.asm
                  RPINR22   0x000efc       data     extern E:\3.46\pic18-lt\cxx-framework\src\traditional\proc\p18f45j50.asm
                  RPINR23   0x000efd       data     extern E:\3.46\pic18-lt\cxx-framework\src\traditional\proc\p18f45j50.asm
                  RPINR24   0x000efe       data     extern E:\3.46\pic18-lt\cxx-framework\src\traditional\proc\p18f45j50.asm
                   RPINR3   0x000ee9       data     extern E:\3.46\pic18-lt\cxx-framework\src\traditional\proc\p18f45j50.asm
                   RPINR4   0x000eea       data     extern E:\3.46\pic18-lt\cxx-framework\src\traditional\proc\p18f45j50.asm
                   RPINR6   0x000eec       data     extern E:\3.46\pic18-lt\cxx-framework\src\traditional\proc\p18f45j50.asm
                   RPINR7   0x000eed       data     extern E:\3.46\pic18-lt\cxx-framework\src\traditional\proc\p18f45j50.asm
                   RPINR8   0x000eee       data     extern E:\3.46\pic18-lt\cxx-framework\src\traditional\proc\p18f45j50.asm
                    RPOR0   0x000ec6       data     extern E:\3.46\pic18-lt\cxx-framework\src\traditional\proc\p18f45j50.asm
                    RPOR1   0x000ec7       data     extern E:\3.46\pic18-lt\cxx-framework\src\traditional\proc\p18f45j50.asm
                   RPOR10   0x000ed0       data     extern E:\3.46\pic18-lt\cxx-framework\src\traditional\proc\p18f45j50.asm
                   RPOR11   0x000ed1       data     extern E:\3.46\pic18-lt\cxx-framework\src\traditional\proc\p18f45j50.asm
                   RPOR12   0x000ed2       data     extern E:\3.46\pic18-lt\cxx-framework\src\traditional\proc\p18f45j50.asm
                   RPOR13   0x000ed3       data     extern E:\3.46\pic18-lt\cxx-framework\src\traditional\proc\p18f45j50.asm
                   RPOR17   0x000ed7       data     extern E:\3.46\pic18-lt\cxx-framework\src\traditional\proc\p18f45j50.asm
                   RPOR18   0x000ed8       data     extern E:\3.46\pic18-lt\cxx-framework\src\traditional\proc\p18f45j50.asm
                   RPOR19   0x000ed9       data     extern E:\3.46\pic18-lt\cxx-framework\src\traditional\proc\p18f45j50.asm
                    RPOR2   0x000ec8       data     extern E:\3.46\pic18-lt\cxx-framework\src\traditional\proc\p18f45j50.asm
                   RPOR20   0x000eda       data     extern E:\3.46\pic18-lt\cxx-framework\src\traditional\proc\p18f45j50.asm
                   RPOR21   0x000edb       data     extern E:\3.46\pic18-lt\cxx-framework\src\traditional\proc\p18f45j50.asm
                   RPOR22   0x000edc       data     extern E:\3.46\pic18-lt\cxx-framework\src\traditional\proc\p18f45j50.asm
                   RPOR23   0x000edd       data     extern E:\3.46\pic18-lt\cxx-framework\src\traditional\proc\p18f45j50.asm
                   RPOR24   0x000ede       data     extern E:\3.46\pic18-lt\cxx-framework\src\traditional\proc\p18f45j50.asm
                    RPOR3   0x000ec9       data     extern E:\3.46\pic18-lt\cxx-framework\src\traditional\proc\p18f45j50.asm
                    RPOR4   0x000eca       data     extern E:\3.46\pic18-lt\cxx-framework\src\traditional\proc\p18f45j50.asm
                    RPOR5   0x000ecb       data     extern E:\3.46\pic18-lt\cxx-framework\src\traditional\proc\p18f45j50.asm
                    RPOR6   0x000ecc       data     extern E:\3.46\pic18-lt\cxx-framework\src\traditional\proc\p18f45j50.asm
                    RPOR7   0x000ecd       data     extern E:\3.46\pic18-lt\cxx-framework\src\traditional\proc\p18f45j50.asm
                    RPOR8   0x000ece       data     extern E:\3.46\pic18-lt\cxx-framework\src\traditional\proc\p18f45j50.asm
                    RPOR9   0x000ecf       data     extern E:\3.46\pic18-lt\cxx-framework\src\traditional\proc\p18f45j50.asm
                   RTCCAL   0x000f3e       data     extern E:\3.46\pic18-lt\cxx-framework\src\traditional\proc\p18f45j50.asm
               RTCCALbits   0x000f3e       data     extern E:\3.46\pic18-lt\cxx-framework\src\traditional\proc\p18f45j50.asm
                   RTCCFG   0x000f3f       data     extern E:\3.46\pic18-lt\cxx-framework\src\traditional\proc\p18f45j50.asm
               RTCCFGbits   0x000f3f       data     extern E:\3.46\pic18-lt\cxx-framework\src\traditional\proc\p18f45j50.asm
                  RTCVALH   0x000f99       data     extern E:\3.46\pic18-lt\cxx-framework\src\traditional\proc\p18f45j50.asm
                  RTCVALL   0x000f98       data     extern E:\3.46\pic18-lt\cxx-framework\src\traditional\proc\p18f45j50.asm
                  RXADDRH   0x000f68       data     extern E:\3.46\pic18-lt\cxx-framework\src\traditional\proc\p18f45j50.asm
              RXADDRHbits   0x000f68       data     extern E:\3.46\pic18-lt\cxx-framework\src\traditional\proc\p18f45j50.asm
                  RXADDRL   0x000f69       data     extern E:\3.46\pic18-lt\cxx-framework\src\traditional\proc\p18f45j50.asm
                     SIGN   0x000000       data     extern E:\3.46\pic18-lt\cxx-framework\src\traditional\math\cmath18.asm
                    SPBRG   0x000fb0       data     extern E:\3.46\pic18-lt\cxx-framework\src\traditional\proc\p18f45j50.asm
                   SPBRG1   0x000fb0       data     extern E:\3.46\pic18-lt\cxx-framework\src\traditional\proc\p18f45j50.asm
                   SPBRG2   0x000fab       data     extern E:\3.46\pic18-lt\cxx-framework\src\traditional\proc\p18f45j50.asm
                   SPBRGH   0x000f7f       data     extern E:\3.46\pic18-lt\cxx-framework\src\traditional\proc\p18f45j50.asm
                  SPBRGH1   0x000f7f       data     extern E:\3.46\pic18-lt\cxx-framework\src\traditional\proc\p18f45j50.asm
                  SPBRGH2   0x000f7d       data     extern E:\3.46\pic18-lt\cxx-framework\src\traditional\proc\p18f45j50.asm
                  SSP1ADD   0x000fc8       data     extern E:\3.46\pic18-lt\cxx-framework\src\traditional\proc\p18f45j50.asm
              SSP1ADDbits   0x000fc8       data     extern E:\3.46\pic18-lt\cxx-framework\src\traditional\proc\p18f45j50.asm
                  SSP1BUF   0x000fc9       data     extern E:\3.46\pic18-lt\cxx-framework\src\traditional\proc\p18f45j50.asm
                 SSP1CON1   0x000fc6       data     extern E:\3.46\pic18-lt\cxx-framework\src\traditional\proc\p18f45j50.asm
             SSP1CON1bits   0x000fc6       data     extern E:\3.46\pic18-lt\cxx-framework\src\traditional\proc\p18f45j50.asm
                 SSP1CON2   0x000fc5       data     extern E:\3.46\pic18-lt\cxx-framework\src\traditional\proc\p18f45j50.asm
             SSP1CON2bits   0x000fc5       data     extern E:\3.46\pic18-lt\cxx-framework\src\traditional\proc\p18f45j50.asm
                 SSP1STAT   0x000fc7       data     extern E:\3.46\pic18-lt\cxx-framework\src\traditional\proc\p18f45j50.asm
             SSP1STATbits   0x000fc7       data     extern E:\3.46\pic18-lt\cxx-framework\src\traditional\proc\p18f45j50.asm
                  SSP2ADD   0x000f74       data     extern E:\3.46\pic18-lt\cxx-framework\src\traditional\proc\p18f45j50.asm
              SSP2ADDbits   0x000f74       data     extern E:\3.46\pic18-lt\cxx-framework\src\traditional\proc\p18f45j50.asm
                  SSP2BUF   0x000f75       data     extern E:\3.46\pic18-lt\cxx-framework\src\traditional\proc\p18f45j50.asm
                 SSP2CON1   0x000f72       data     extern E:\3.46\pic18-lt\cxx-framework\src\traditional\proc\p18f45j50.asm
[...]
                   EECON2   0x000fa7       data     extern E:\3.46\pic18-lt\cxx-framework\src\traditional\proc\p18f45j50.asm
               TXSTA2bits   0x000fa8       data     extern E:\3.46\pic18-lt\cxx-framework\src\traditional\proc\p18f45j50.asm
                   TXSTA2   0x000fa8       data     extern E:\3.46\pic18-lt\cxx-framework\src\traditional\proc\p18f45j50.asm
                   TXREG2   0x000fa9       data     extern E:\3.46\pic18-lt\cxx-framework\src\traditional\proc\p18f45j50.asm
                   RCREG2   0x000faa       data     extern E:\3.46\pic18-lt\cxx-framework\src\traditional\proc\p18f45j50.asm
                   SPBRG2   0x000fab       data     extern E:\3.46\pic18-lt\cxx-framework\src\traditional\proc\p18f45j50.asm
                    RCSTA   0x000fac       data     extern E:\3.46\pic18-lt\cxx-framework\src\traditional\proc\p18f45j50.asm
                   RCSTA1   0x000fac       data     extern E:\3.46\pic18-lt\cxx-framework\src\traditional\proc\p18f45j50.asm
               RCSTA1bits   0x000fac       data     extern E:\3.46\pic18-lt\cxx-framework\src\traditional\proc\p18f45j50.asm
                RCSTAbits   0x000fac       data     extern E:\3.46\pic18-lt\cxx-framework\src\traditional\proc\p18f45j50.asm
                TXSTAbits   0x000fad       data     extern E:\3.46\pic18-lt\cxx-framework\src\traditional\proc\p18f45j50.asm
               TXSTA1bits   0x000fad       data     extern E:\3.46\pic18-lt\cxx-framework\src\traditional\proc\p18f45j50.asm
                   TXSTA1   0x000fad       data     extern E:\3.46\pic18-lt\cxx-framework\src\traditional\proc\p18f45j50.asm
                    TXSTA   0x000fad       data     extern E:\3.46\pic18-lt\cxx-framework\src\traditional\proc\p18f45j50.asm
                   TXREG1   0x000fae       data     extern E:\3.46\pic18-lt\cxx-framework\src\traditional\proc\p18f45j50.asm
                    TXREG   0x000fae       data     extern E:\3.46\pic18-lt\cxx-framework\src\traditional\proc\p18f45j50.asm
                    RCREG   0x000faf       data     extern E:\3.46\pic18-lt\cxx-framework\src\traditional\proc\p18f45j50.asm
                   RCREG1   0x000faf       data     extern E:\3.46\pic18-lt\cxx-framework\src\traditional\proc\p18f45j50.asm
                    SPBRG   0x000fb0       data     extern E:\3.46\pic18-lt\cxx-framework\src\traditional\proc\p18f45j50.asm
                   SPBRG1   0x000fb0       data     extern E:\3.46\pic18-lt\cxx-framework\src\traditional\proc\p18f45j50.asm
             CTMUICONbits   0x000fb1       data     extern E:\3.46\pic18-lt\cxx-framework\src\traditional\proc\p18f45j50.asm
                 CTMUICON   0x000fb1       data     extern E:\3.46\pic18-lt\cxx-framework\src\traditional\proc\p18f45j50.asm
                 CTMUCONL   0x000fb2       data     extern E:\3.46\pic18-lt\cxx-framework\src\traditional\proc\p18f45j50.asm
             CTMUCONLbits   0x000fb2       data     extern E:\3.46\pic18-lt\cxx-framework\src\traditional\proc\p18f45j50.asm
             CTMUCONHbits   0x000fb3       data     extern E:\3.46\pic18-lt\cxx-framework\src\traditional\proc\p18f45j50.asm
                 CTMUCONH   0x000fb3       data     extern E:\3.46\pic18-lt\cxx-framework\src\traditional\proc\p18f45j50.asm
             ECCP2CONbits   0x000fb4       data     extern E:\3.46\pic18-lt\cxx-framework\src\traditional\proc\p18f45j50.asm
                 ECCP2CON   0x000fb4       data     extern E:\3.46\pic18-lt\cxx-framework\src\traditional\proc\p18f45j50.asm
              CCP2CONbits   0x000fb4       data     extern E:\3.46\pic18-lt\cxx-framework\src\traditional\proc\p18f45j50.asm
                  CCP2CON   0x000fb4       data     extern E:\3.46\pic18-lt\cxx-framework\src\traditional\proc\p18f45j50.asm
                    CCPR2   0x000fb5       data     extern E:\3.46\pic18-lt\cxx-framework\src\traditional\proc\p18f45j50.asm
                   CCPR2L   0x000fb5       data     extern E:\3.46\pic18-lt\cxx-framework\src\traditional\proc\p18f45j50.asm
                   CCPR2H   0x000fb6       data     extern E:\3.46\pic18-lt\cxx-framework\src\traditional\proc\p18f45j50.asm
                  PWM2CON   0x000fb7       data     extern E:\3.46\pic18-lt\cxx-framework\src\traditional\proc\p18f45j50.asm
              PWM2CONbits   0x000fb7       data     extern E:\3.46\pic18-lt\cxx-framework\src\traditional\proc\p18f45j50.asm
             ECCP2DELbits   0x000fb7       data     extern E:\3.46\pic18-lt\cxx-framework\src\traditional\proc\p18f45j50.asm
                 ECCP2DEL   0x000fb7       data     extern E:\3.46\pic18-lt\cxx-framework\src\traditional\proc\p18f45j50.asm
              ECCP2ASbits   0x000fb8       data     extern E:\3.46\pic18-lt\cxx-framework\src\traditional\proc\p18f45j50.asm
                  ECCP2AS   0x000fb8       data     extern E:\3.46\pic18-lt\cxx-framework\src\traditional\proc\p18f45j50.asm
                 PSTR2CON   0x000fb9       data     extern E:\3.46\pic18-lt\cxx-framework\src\traditional\proc\p18f45j50.asm
             PSTR2CONbits   0x000fb9       data     extern E:\3.46\pic18-lt\cxx-framework\src\traditional\proc\p18f45j50.asm
              CCP1CONbits   0x000fba       data     extern E:\3.46\pic18-lt\cxx-framework\src\traditional\proc\p18f45j50.asm
                  CCP1CON   0x000fba       data     extern E:\3.46\pic18-lt\cxx-framework\src\traditional\proc\p18f45j50.asm
             ECCP1CONbits   0x000fba       data     extern E:\3.46\pic18-lt\cxx-framework\src\traditional\proc\p18f45j50.asm
                 ECCP1CON   0x000fba       data     extern E:\3.46\pic18-lt\cxx-framework\src\traditional\proc\p18f45j50.asm
                    CCPR1   0x000fbb       data     extern E:\3.46\pic18-lt\cxx-framework\src\traditional\proc\p18f45j50.asm
                   CCPR1L   0x000fbb       data     extern E:\3.46\pic18-lt\cxx-framework\src\traditional\proc\p18f45j50.asm
                   CCPR1H   0x000fbc       data     extern E:\3.46\pic18-lt\cxx-framework\src\traditional\proc\p18f45j50.asm
                 ECCP1DEL   0x000fbd       data     extern E:\3.46\pic18-lt\cxx-framework\src\traditional\proc\p18f45j50.asm
             ECCP1DELbits   0x000fbd       data     extern E:\3.46\pic18-lt\cxx-framework\src\traditional\proc\p18f45j50.asm
              PWM1CONbits   0x000fbd       data     extern E:\3.46\pic18-lt\cxx-framework\src\traditional\proc\p18f45j50.asm
                  PWM1CON   0x000fbd       data     extern E:\3.46\pic18-lt\cxx-framework\src\traditional\proc\p18f45j50.asm
                  ECCP1AS   0x000fbe       data     extern E:\3.46\pic18-lt\cxx-framework\src\traditional\proc\p18f45j50.asm
              ECCP1ASbits   0x000fbe       data     extern E:\3.46\pic18-lt\cxx-framework\src\traditional\proc\p18f45j50.asm
                 PSTR1CON   0x000fbf       data     extern E:\3.46\pic18-lt\cxx-framework\src\traditional\proc\p18f45j50.asm
             PSTR1CONbits   0x000fbf       data     extern E:\3.46\pic18-lt\cxx-framework\src\traditional\proc\p18f45j50.asm
               WDTCONbits   0x000fc0       data     extern E:\3.46\pic18-lt\cxx-framework\src\traditional\proc\p18f45j50.asm
                   WDTCON   0x000fc0       data     extern E:\3.46\pic18-lt\cxx-framework\src\traditional\proc\p18f45j50.asm
               ADCON1bits   0x000fc1       data     extern E:\3.46\pic18-lt\cxx-framework\src\traditional\proc\p18f45j50.asm
                   ADCON1   0x000fc1       data     extern E:\3.46\pic18-lt\cxx-framework\src\traditional\proc\p18f45j50.asm
               ADCON0bits   0x000fc2       data     extern E:\3.46\pic18-lt\cxx-framework\src\traditional\proc\p18f45j50.asm
                   ADCON0   0x000fc2       data     extern E:\3.46\pic18-lt\cxx-framework\src\traditional\proc\p18f45j50.asm
                   ADRESL   0x000fc3       data     extern E:\3.46\pic18-lt\cxx-framework\src\traditional\proc\p18f45j50.asm
                    ADRES   0x000fc3       data     extern E:\3.46\pic18-lt\cxx-framework\src\traditional\proc\p18f45j50.asm
                   ADRESH   0x000fc4       data     extern E:\3.46\pic18-lt\cxx-framework\src\traditional\proc\p18f45j50.asm
             SSP1CON2bits   0x000fc5       data     extern E:\3.46\pic18-lt\cxx-framework\src\traditional\proc\p18f45j50.asm
                  SSPCON2   0x000fc5       data     extern E:\3.46\pic18-lt\cxx-framework\src\traditional\proc\p18f45j50.asm
              SSPCON2bits   0x000fc5       data     extern E:\3.46\pic18-lt\cxx-framework\src\traditional\proc\p18f45j50.asm
                 SSP1CON2   0x000fc5       data     extern E:\3.46\pic18-lt\cxx-framework\src\traditional\proc\p18f45j50.asm
             SSP1CON1bits   0x000fc6       data     extern E:\3.46\pic18-lt\cxx-framework\src\traditional\proc\p18f45j50.asm
              SSPCON1bits   0x000fc6       data     extern E:\3.46\pic18-lt\cxx-framework\src\traditional\proc\p18f45j50.asm
                 SSP1CON1   0x000fc6       data     extern E:\3.46\pic18-lt\cxx-framework\src\traditional\proc\p18f45j50.asm
                  SSPCON1   0x000fc6       data     extern E:\3.46\pic18-lt\cxx-framework\src\traditional\proc\p18f45j50.asm
                  SSPSTAT   0x000fc7       data     extern E:\3.46\pic18-lt\cxx-framework\src\traditional\proc\p18f45j50.asm
                 SSP1STAT   0x000fc7       data     extern E:\3.46\pic18-lt\cxx-framework\src\traditional\proc\p18f45j50.asm
             SSP1STATbits   0x000fc7       data     extern E:\3.46\pic18-lt\cxx-framework\src\traditional\proc\p18f45j50.asm
              SSPSTATbits   0x000fc7       data     extern E:\3.46\pic18-lt\cxx-framework\src\traditional\proc\p18f45j50.asm
              SSP1ADDbits   0x000fc8       data     extern E:\3.46\pic18-lt\cxx-framework\src\traditional\proc\p18f45j50.asm
                  SSP1ADD   0x000fc8       data     extern E:\3.46\pic18-lt\cxx-framework\src\traditional\proc\p18f45j50.asm
                   SSPADD   0x000fc8       data     extern E:\3.46\pic18-lt\cxx-framework\src\traditional\proc\p18f45j50.asm
               SSPADDbits   0x000fc8       data     extern E:\3.46\pic18-lt\cxx-framework\src\traditional\proc\p18f45j50.asm
                   SSPBUF   0x000fc9       data     extern E:\3.46\pic18-lt\cxx-framework\src\traditional\proc\p18f45j50.asm
                  SSP1BUF   0x000fc9       data     extern E:\3.46\pic18-lt\cxx-framework\src\traditional\proc\p18f45j50.asm
                    T2CON   0x000fca       data     extern E:\3.46\pic18-lt\cxx-framework\src\traditional\proc\p18f45j50.asm
                T2CONbits   0x000fca       data     extern E:\3.46\pic18-lt\cxx-framework\src\traditional\proc\p18f45j50.asm
                      PR2   0x000fcb       data     extern E:\3.46\pic18-lt\cxx-framework\src\traditional\proc\p18f45j50.asm
                     TMR2   0x000fcc       data     extern E:\3.46\pic18-lt\cxx-framework\src\traditional\proc\p18f45j50.asm
                    T1CON   0x000fcd       data     extern E:\3.46\pic18-lt\cxx-framework\src\traditional\proc\p18f45j50.asm
                T1CONbits   0x000fcd       data     extern E:\3.46\pic18-lt\cxx-framework\src\traditional\proc\p18f45j50.asm
                    TMR1L   0x000fce       data     extern E:\3.46\pic18-lt\cxx-framework\src\traditional\proc\p18f45j50.asm
                    TMR1H   0x000fcf       data     extern E:\3.46\pic18-lt\cxx-framework\src\traditional\proc\p18f45j50.asm
                     RCON   0x000fd0       data     extern E:\3.46\pic18-lt\cxx-framework\src\traditional\proc\p18f45j50.asm
                 RCONbits   0x000fd0       data     extern E:\3.46\pic18-lt\cxx-framework\src\traditional\proc\p18f45j50.asm
               CM2CONbits   0x000fd1       data     extern E:\3.46\pic18-lt\cxx-framework\src\traditional\proc\p18f45j50.asm
              CM2CON1bits   0x000fd1       data     extern E:\3.46\pic18-lt\cxx-framework\src\traditional\proc\p18f45j50.asm
                  CM2CON1   0x000fd1       data     extern E:\3.46\pic18-lt\cxx-framework\src\traditional\proc\p18f45j50.asm
                   CM2CON   0x000fd1       data     extern E:\3.46\pic18-lt\cxx-framework\src\traditional\proc\p18f45j50.asm
               CM1CONbits   0x000fd2       data     extern E:\3.46\pic18-lt\cxx-framework\src\traditional\proc\p18f45j50.asm
              CM1CON1bits   0x000fd2       data     extern E:\3.46\pic18-lt\cxx-framework\src\traditional\proc\p18f45j50.asm
                  CM1CON1   0x000fd2       data     extern E:\3.46\pic18-lt\cxx-framework\src\traditional\proc\p18f45j50.asm
                   CM1CON   0x000fd2       data     extern E:\3.46\pic18-lt\cxx-framework\src\traditional\proc\p18f45j50.asm
               OSCCONbits   0x000fd3       data     extern E:\3.46\pic18-lt\cxx-framework\src\traditional\proc\p18f45j50.asm
                   OSCCON   0x000fd3       data     extern E:\3.46\pic18-lt\cxx-framework\src\traditional\proc\p18f45j50.asm
                T0CONbits   0x000fd5       data     extern E:\3.46\pic18-lt\cxx-framework\src\traditional\proc\p18f45j50.asm
                    T0CON   0x000fd5       data     extern E:\3.46\pic18-lt\cxx-framework\src\traditional\proc\p18f45j50.asm
                    TMR0L   0x000fd6       data     extern E:\3.46\pic18-lt\cxx-framework\src\traditional\proc\p18f45j50.asm
                    TMR0H   0x000fd7       data     extern E:\3.46\pic18-lt\cxx-framework\src\traditional\proc\p18f45j50.asm
                   STATUS   0x000fd8       data     extern E:\3.46\pic18-lt\cxx-framework\src\traditional\proc\p18f45j50.asm
               STATUSbits   0x000fd8       data     extern E:\3.46\pic18-lt\cxx-framework\src\traditional\proc\p18f45j50.asm
                    FSR2L   0x000fd9       data     extern E:\3.46\pic18-lt\cxx-framework\src\traditional\proc\p18f45j50.asm
                     FSR2   0x000fd9       data     extern E:\3.46\pic18-lt\cxx-framework\src\traditional\proc\p18f45j50.asm
                    FSR2H   0x000fda       data     extern E:\3.46\pic18-lt\cxx-framework\src\traditional\proc\p18f45j50.asm
                   PLUSW2   0x000fdb       data     extern E:\3.46\pic18-lt\cxx-framework\src\traditional\proc\p18f45j50.asm
                  PREINC2   0x000fdc       data     extern E:\3.46\pic18-lt\cxx-framework\src\traditional\proc\p18f45j50.asm
                 POSTDEC2   0x000fdd       data     extern E:\3.46\pic18-lt\cxx-framework\src\traditional\proc\p18f45j50.asm
                 POSTINC2   0x000fde       data     extern E:\3.46\pic18-lt\cxx-framework\src\traditional\proc\p18f45j50.asm
                    INDF2   0x000fdf       data     extern E:\3.46\pic18-lt\cxx-framework\src\traditional\proc\p18f45j50.asm
                      BSR   0x000fe0       data     extern E:\3.46\pic18-lt\cxx-framework\src\traditional\proc\p18f45j50.asm
                     FSR1   0x000fe1       data     extern E:\3.46\pic18-lt\cxx-framework\src\traditional\proc\p18f45j50.asm
                    FSR1L   0x000fe1       data     extern E:\3.46\pic18-lt\cxx-framework\src\traditional\proc\p18f45j50.asm
                    FSR1H   0x000fe2       data     extern E:\3.46\pic18-lt\cxx-framework\src\traditional\proc\p18f45j50.asm
                   PLUSW1   0x000fe3       data     extern E:\3.46\pic18-lt\cxx-framework\src\traditional\proc\p18f45j50.asm
                  PREINC1   0x000fe4       data     extern E:\3.46\pic18-lt\cxx-framework\src\traditional\proc\p18f45j50.asm
                 POSTDEC1   0x000fe5       data     extern E:\3.46\pic18-lt\cxx-framework\src\traditional\proc\p18f45j50.asm
                 POSTINC1   0x000fe6       data     extern E:\3.46\pic18-lt\cxx-framework\src\traditional\proc\p18f45j50.asm
                    INDF1   0x000fe7       data     extern E:\3.46\pic18-lt\cxx-framework\src\traditional\proc\p18f45j50.asm
                     WREG   0x000fe8       data     extern E:\3.46\pic18-lt\cxx-framework\src\traditional\proc\p18f45j50.asm
                     FSR0   0x000fe9       data     extern E:\3.46\pic18-lt\cxx-framework\src\traditional\proc\p18f45j50.asm
                    FSR0L   0x000fe9       data     extern E:\3.46\pic18-lt\cxx-framework\src\traditional\proc\p18f45j50.asm
                    FSR0H   0x000fea       data     extern E:\3.46\pic18-lt\cxx-framework\src\traditional\proc\p18f45j50.asm
                   PLUSW0   0x000feb       data     extern E:\3.46\pic18-lt\cxx-framework\src\traditional\proc\p18f45j50.asm
                  PREINC0   0x000fec       data     extern E:\3.46\pic18-lt\cxx-framework\src\traditional\proc\p18f45j50.asm
                 POSTDEC0   0x000fed       data     extern E:\3.46\pic18-lt\cxx-framework\src\traditional\proc\p18f45j50.asm
                 POSTINC0   0x000fee       data     extern E:\3.46\pic18-lt\cxx-framework\src\traditional\proc\p18f45j50.asm
                    INDF0   0x000fef       data     extern E:\3.46\pic18-lt\cxx-framework\src\traditional\proc\p18f45j50.asm
                  INTCON3   0x000ff0       data     extern E:\3.46\pic18-lt\cxx-framework\src\traditional\proc\p18f45j50.asm
              INTCON3bits   0x000ff0       data     extern E:\3.46\pic18-lt\cxx-framework\src\traditional\proc\p18f45j50.asm
                  INTCON2   0x000ff1       data     extern E:\3.46\pic18-lt\cxx-framework\src\traditional\proc\p18f45j50.asm
              INTCON2bits   0x000ff1       data     extern E:\3.46\pic18-lt\cxx-framework\src\traditional\proc\p18f45j50.asm
               INTCONbits   0x000ff2       data     extern E:\3.46\pic18-lt\cxx-framework\src\traditional\proc\p18f45j50.asm
                   INTCON   0x000ff2       data     extern E:\3.46\pic18-lt\cxx-framework\src\traditional\proc\p18f45j50.asm
                     PROD   0x000ff3       data     extern E:\3.46\pic18-lt\cxx-framework\src\traditional\proc\p18f45j50.asm
                    PRODL   0x000ff3       data     extern E:\3.46\pic18-lt\cxx-framework\src\traditional\proc\p18f45j50.asm
                    PRODH   0x000ff4       data     extern E:\3.46\pic18-lt\cxx-framework\src\traditional\proc\p18f45j50.asm
                   TABLAT   0x000ff5       data     extern E:\3.46\pic18-lt\cxx-framework\src\traditional\proc\p18f45j50.asm
                  TBLPTRL   0x000ff6       data     extern E:\3.46\pic18-lt\cxx-framework\src\traditional\proc\p18f45j50.asm
                   TBLPTR   0x000ff6       data     extern E:\3.46\pic18-lt\cxx-framework\src\traditional\proc\p18f45j50.asm
                  TBLPTRH   0x000ff7       data     extern E:\3.46\pic18-lt\cxx-framework\src\traditional\proc\p18f45j50.asm
                  TBLPTRU   0x000ff8       data     extern E:\3.46\pic18-lt\cxx-framework\src\traditional\proc\p18f45j50.asm
                      PCL   0x000ff9       data     extern E:\3.46\pic18-lt\cxx-framework\src\traditional\proc\p18f45j50.asm
                       PC   0x000ff9       data     extern E:\3.46\pic18-lt\cxx-framework\src\traditional\proc\p18f45j50.asm
                   PCLATH   0x000ffa       data     extern E:\3.46\pic18-lt\cxx-framework\src\traditional\proc\p18f45j50.asm
                   PCLATU   0x000ffb       data     extern E:\3.46\pic18-lt\cxx-framework\src\traditional\proc\p18f45j50.asm
               STKPTRbits   0x000ffc       data     extern E:\3.46\pic18-lt\cxx-framework\src\traditional\proc\p18f45j50.asm
                   STKPTR   0x000ffc       data     extern E:\3.46\pic18-lt\cxx-framework\src\traditional\proc\p18f45j50.asm
                      TOS   0x000ffd       data     extern E:\3.46\pic18-lt\cxx-framework\src\traditional\proc\p18f45j50.asm
                     TOSL   0x000ffd       data     extern E:\3.46\pic18-lt\cxx-framework\src\traditional\proc\p18f45j50.asm
                     TOSH   0x000ffe       data     extern E:\3.46\pic18-lt\cxx-framework\src\traditional\proc\p18f45j50.asm
                     TOSU   0x000fff       data     extern E:\3.46\pic18-lt\cxx-framework\src\traditional\proc\p18f45j50.asm


